Archive member included to satisfy reference by file (symbol)

/opt/riscv/bin/../lib/gcc/riscv64-unknown-elf/7.2.0/rv32i/ilp32/libgcc.a(muldi3.o)
                              /tmp/cctoQXFk.o (__mulsi3)
/opt/riscv/bin/../lib/gcc/riscv64-unknown-elf/7.2.0/rv32i/ilp32/libgcc.a(div.o)
                              /tmp/cc69g3bb.o (__divsi3)
/opt/riscv/bin/../lib/gcc/riscv64-unknown-elf/7.2.0/../../../../riscv64-unknown-elf/lib/rv32i/ilp32/libc.a(lib_a-calloc.o)
                              /tmp/ccjszOAb.o (calloc)
/opt/riscv/bin/../lib/gcc/riscv64-unknown-elf/7.2.0/../../../../riscv64-unknown-elf/lib/rv32i/ilp32/libc.a(lib_a-callocr.o)
                              /opt/riscv/bin/../lib/gcc/riscv64-unknown-elf/7.2.0/../../../../riscv64-unknown-elf/lib/rv32i/ilp32/libc.a(lib_a-calloc.o) (_calloc_r)
/opt/riscv/bin/../lib/gcc/riscv64-unknown-elf/7.2.0/../../../../riscv64-unknown-elf/lib/rv32i/ilp32/libc.a(lib_a-exit.o)
                              /tmp/ccP36Vko.o (exit)
/opt/riscv/bin/../lib/gcc/riscv64-unknown-elf/7.2.0/../../../../riscv64-unknown-elf/lib/rv32i/ilp32/libc.a(lib_a-impure.o)
                              /opt/riscv/bin/../lib/gcc/riscv64-unknown-elf/7.2.0/../../../../riscv64-unknown-elf/lib/rv32i/ilp32/libc.a(lib_a-exit.o) (_global_impure_ptr)
/opt/riscv/bin/../lib/gcc/riscv64-unknown-elf/7.2.0/../../../../riscv64-unknown-elf/lib/rv32i/ilp32/libc.a(lib_a-malloc.o)
                              /tmp/ccP36Vko.o (malloc)
/opt/riscv/bin/../lib/gcc/riscv64-unknown-elf/7.2.0/../../../../riscv64-unknown-elf/lib/rv32i/ilp32/libc.a(lib_a-mallocr.o)
                              /opt/riscv/bin/../lib/gcc/riscv64-unknown-elf/7.2.0/../../../../riscv64-unknown-elf/lib/rv32i/ilp32/libc.a(lib_a-callocr.o) (_malloc_r)
/opt/riscv/bin/../lib/gcc/riscv64-unknown-elf/7.2.0/../../../../riscv64-unknown-elf/lib/rv32i/ilp32/libc.a(lib_a-memcmp.o)
                              /tmp/ccjszOAb.o (memcmp)
/opt/riscv/bin/../lib/gcc/riscv64-unknown-elf/7.2.0/../../../../riscv64-unknown-elf/lib/rv32i/ilp32/libc.a(lib_a-memcpy.o)
                              /tmp/ccjszOAb.o (memcpy)
/opt/riscv/bin/../lib/gcc/riscv64-unknown-elf/7.2.0/../../../../riscv64-unknown-elf/lib/rv32i/ilp32/libc.a(lib_a-memset.o)
                              /tmp/ccjszOAb.o (memset)
/opt/riscv/bin/../lib/gcc/riscv64-unknown-elf/7.2.0/../../../../riscv64-unknown-elf/lib/rv32i/ilp32/libc.a(lib_a-mlock.o)
                              /opt/riscv/bin/../lib/gcc/riscv64-unknown-elf/7.2.0/../../../../riscv64-unknown-elf/lib/rv32i/ilp32/libc.a(lib_a-mallocr.o) (__malloc_lock)
/opt/riscv/bin/../lib/gcc/riscv64-unknown-elf/7.2.0/../../../../riscv64-unknown-elf/lib/rv32i/ilp32/libc.a(lib_a-printf.o)
                              /tmp/ccEDtnbQ.o (printf)
/opt/riscv/bin/../lib/gcc/riscv64-unknown-elf/7.2.0/../../../../riscv64-unknown-elf/lib/rv32i/ilp32/libc.a(lib_a-sbrkr.o)
                              /opt/riscv/bin/../lib/gcc/riscv64-unknown-elf/7.2.0/../../../../riscv64-unknown-elf/lib/rv32i/ilp32/libc.a(lib_a-mallocr.o) (_sbrk_r)
/opt/riscv/bin/../lib/gcc/riscv64-unknown-elf/7.2.0/../../../../riscv64-unknown-elf/lib/rv32i/ilp32/libc.a(lib_a-vfprintf.o)
                              /opt/riscv/bin/../lib/gcc/riscv64-unknown-elf/7.2.0/../../../../riscv64-unknown-elf/lib/rv32i/ilp32/libc.a(lib_a-printf.o) (_vfprintf_r)
/opt/riscv/bin/../lib/gcc/riscv64-unknown-elf/7.2.0/../../../../riscv64-unknown-elf/lib/rv32i/ilp32/libc.a(lib_a-wsetup.o)
                              /opt/riscv/bin/../lib/gcc/riscv64-unknown-elf/7.2.0/../../../../riscv64-unknown-elf/lib/rv32i/ilp32/libc.a(lib_a-vfprintf.o) (__swsetup_r)
/opt/riscv/bin/../lib/gcc/riscv64-unknown-elf/7.2.0/../../../../riscv64-unknown-elf/lib/rv32i/ilp32/libc.a(lib_a-__call_atexit.o)
                              /opt/riscv/bin/../lib/gcc/riscv64-unknown-elf/7.2.0/../../../../riscv64-unknown-elf/lib/rv32i/ilp32/libc.a(lib_a-exit.o) (__call_exitprocs)
/opt/riscv/bin/../lib/gcc/riscv64-unknown-elf/7.2.0/../../../../riscv64-unknown-elf/lib/rv32i/ilp32/libc.a(lib_a-fflush.o)
                              /opt/riscv/bin/../lib/gcc/riscv64-unknown-elf/7.2.0/../../../../riscv64-unknown-elf/lib/rv32i/ilp32/libc.a(lib_a-vfprintf.o) (_fflush_r)
/opt/riscv/bin/../lib/gcc/riscv64-unknown-elf/7.2.0/../../../../riscv64-unknown-elf/lib/rv32i/ilp32/libc.a(lib_a-findfp.o)
                              /opt/riscv/bin/../lib/gcc/riscv64-unknown-elf/7.2.0/../../../../riscv64-unknown-elf/lib/rv32i/ilp32/libc.a(lib_a-vfprintf.o) (__sinit)
/opt/riscv/bin/../lib/gcc/riscv64-unknown-elf/7.2.0/../../../../riscv64-unknown-elf/lib/rv32i/ilp32/libc.a(lib_a-freer.o)
                              /opt/riscv/bin/../lib/gcc/riscv64-unknown-elf/7.2.0/../../../../riscv64-unknown-elf/lib/rv32i/ilp32/libc.a(lib_a-malloc.o) (_free_r)
/opt/riscv/bin/../lib/gcc/riscv64-unknown-elf/7.2.0/../../../../riscv64-unknown-elf/lib/rv32i/ilp32/libc.a(lib_a-fwalk.o)
[...]
Memory Configuration

Name             Origin             Length             Attributes
onChipRam        0x0000000080000000 0x0000000000020000
*default*        0x0000000000000000 0xffffffffffffffff

Linker script and memory map

LOAD /tmp/cc1tljjU.o
LOAD /tmp/ccONNg5i.o
LOAD /tmp/ccEDtnbQ.o
LOAD /tmp/ccjszOAb.o
LOAD /tmp/ccP36Vko.o
LOAD /tmp/ccImXaHM.o
LOAD /tmp/cctoQXFk.o
LOAD /tmp/ccM0M6VJ.o
LOAD /tmp/ccHKzpkH.o
LOAD /tmp/cc1TVjbk.o
LOAD /tmp/ccU1Sbqf.o
LOAD /tmp/cc69g3bb.o
LOAD /tmp/ccYfsNli.o
LOAD /tmp/cclHfvmm.o
LOAD /tmp/cct1tZrs.o
LOAD /tmp/ccLj1lMH.o
LOAD /tmp/cckONqEH.o
LOAD /tmp/cc5BVuwK.o
LOAD /tmp/ccZ0S7Y1.o
LOAD /tmp/ccXmLEOt.o
LOAD /opt/riscv/bin/../lib/gcc/riscv64-unknown-elf/7.2.0/rv32i/ilp32/libgcc.a
                0x0000000000003000                _stack_size = DEFINED (_stack_size)?_stack_size:0x3000
                0x0000000000001400                _heap_size = DEFINED (_heap_size)?_heap_size:0x1400

.vector
 *crt.o(.text)

.text           0x0000000080000000    0x168c4
 *(.text)
 .text          0x0000000080000000      0x138 /tmp/cc1tljjU.o
                0x0000000080000000                crtStart
                0x0000000080000020                trap_entry
 .text          0x0000000080000138       0x24 /opt/riscv/bin/../lib/gcc/riscv64-unknown-elf/7.2.0/rv32i/ilp32/libgcc.a(muldi3.o)
                0x0000000080000138                __mulsi3
 .text          0x000000008000015c       0xb4 /opt/riscv/bin/../lib/gcc/riscv64-unknown-elf/7.2.0/rv32i/ilp32/libgcc.a(div.o)
                0x000000008000015c                __divsi3
                0x0000000080000164                __udivsi3
                0x00000000800001ac                __umodsi3
                0x00000000800001e0                __modsi3
 .text          0x0000000080000210       0xb0 /opt/riscv/bin/../lib/gcc/riscv64-unknown-elf/7.2.0/../../../../riscv64-unknown-elf/lib/rv32i/ilp32/libc.a(lib_a-callocr.o)
                0x0000000080000210                _calloc_r
 .text          0x00000000800002c0       0x38 /opt/riscv/bin/../lib/gcc/riscv64-unknown-elf/7.2.0/../../../../riscv64-unknown-elf/lib/rv32i/ilp32/libc.a(lib_a-exit.o)
                0x00000000800002c0                exit
 .text          0x00000000800002f8       0x20 /opt/riscv/bin/../lib/gcc/riscv64-unknown-elf/7.2.0/../../../../riscv64-unknown-elf/lib/rv32i/ilp32/libc.a(lib_a-malloc.o)
                0x00000000800002f8                malloc
                0x0000000080000308                free
 .text          0x0000000080000318      0x67c /opt/riscv/bin/../lib/gcc/riscv64-unknown-elf/7.2.0/../../../../riscv64-unknown-elf/lib/rv32i/ilp32/libc.a(lib_a-mallocr.o)
                0x0000000080000318                _malloc_r
 .text          0x0000000080000994       0xe8 /opt/riscv/bin/../lib/gcc/riscv64-unknown-elf/7.2.0/../../../../riscv64-unknown-elf/lib/rv32i/ilp32/libc.a(lib_a-memcpy.o)
                0x0000000080000994                memcpy
 .text          0x0000000080000a7c       0xdc /opt/riscv/bin/../lib/gcc/riscv64-unknown-elf/7.2.0/../../../../riscv64-unknown-elf/lib/rv32i/ilp32/libc.a(lib_a-memset.o)
                0x0000000080000a7c                memset
 .text          0x0000000080000b58        0x8 /opt/riscv/bin/../lib/gcc/riscv64-unknown-elf/7.2.0/../../../../riscv64-unknown-elf/lib/rv32i/ilp32/libc.a(lib_a-mlock.o)
                0x0000000080000b58                __malloc_lock
                0x0000000080000b5c                __malloc_unlock
 .text          0x0000000080000b60       0x90 /opt/riscv/bin/../lib/gcc/riscv64-unknown-elf/7.2.0/../../../../riscv64-unknown-elf/lib/rv32i/ilp32/libc.a(lib_a-printf.o)
                0x0000000080000b60                _printf_r
                0x0000000080000ba0                printf
 .text          0x0000000080000bf0       0x44 /opt/riscv/bin/../lib/gcc/riscv64-unknown-elf/7.2.0/../../../../riscv64-unknown-elf/lib/rv32i/ilp32/libc.a(lib_a-sbrkr.o)
                0x0000000080000bf0                _sbrk_r
 .text          0x0000000080000c34     0x209c /opt/riscv/bin/../lib/gcc/riscv64-unknown-elf/7.2.0/../../../../riscv64-unknown-elf/lib/rv32i/ilp32/libc.a(lib_a-vfprintf.o)
                0x0000000080000c34                _vfprintf_r
                0x0000000080002bfc                vfprintf
 .text          0x0000000080002cd0      0x138 /opt/riscv/bin/../lib/gcc/riscv64-unknown-elf/7.2.0/../../../../riscv64-unknown-elf/lib/rv32i/ilp32/libc.a(lib_a-wsetup.o)
                0x0000000080002cd0                __swsetup_r
 .text          0x0000000080002e08      0x114 /opt/riscv/bin/../lib/gcc/riscv64-unknown-elf/7.2.0/../../../../riscv64-unknown-elf/lib/rv32i/ilp32/libc.a(lib_a-__call_atexit.o)
                0x0000000080002e08                __call_exitprocs
 .text          0x0000000080002f1c      0x28c /opt/riscv/bin/../lib/gcc/riscv64-unknown-elf/7.2.0/../../../../riscv64-unknown-elf/lib/rv32i/ilp32/libc.a(lib_a-fflush.o)
                0x0000000080002f1c                __sflush_r
                0x0000000080003124                _fflush_r
                0x000000008000317c                fflush
 .text          0x00000000800031a8      0x2d8 /opt/riscv/bin/../lib/gcc/riscv64-unknown-elf/7.2.0/../../../../riscv64-unknown-elf/lib/rv32i/ilp32/libc.a(lib_a-findfp.o)
                0x00000000800031b0                _cleanup_r
                0x000000008000324c                __sfmoreglue
                0x00000000800032c4                _cleanup
                0x00000000800032d4                __sinit
                0x0000000080003358                __sfp
                0x0000000080003448                __sfp_lock_acquire
                0x000000008000344c                __sfp_lock_release
                0x0000000080003450                __sinit_lock_acquire
                0x0000000080003454                __sinit_lock_release
                0x0000000080003458                __fp_lock_all
                0x000000008000346c                __fp_unlock_all
 .text          0x0000000080003480      0x38c /opt/riscv/bin/../lib/gcc/riscv64-unknown-elf/7.2.0/../../../../riscv64-unknown-elf/lib/rv32i/ilp32/libc.a(lib_a-freer.o)
                0x0000000080003480                _malloc_trim_r
                0x0000000080003598                _free_r
 .text          0x000000008000380c      0x154 /opt/riscv/bin/../lib/gcc/riscv64-unknown-elf/7.2.0/../../../../riscv64-unknown-elf/lib/rv32i/ilp32/libc.a(lib_a-fwalk.o)
                0x000000008000380c                _fwalk
                0x00000000800038ac                _fwalk_reent
 .text          0x0000000080003960     0x206c /opt/riscv/bin/../lib/gcc/riscv64-unknown-elf/7.2.0/../../../../riscv64-unknown-elf/lib/rv32i/ilp32/libc.a(lib_a-ldtoa.o)
                0x0000000080004d24                _ldtoa_r
                0x0000000080005968                _ldcheck
 .text          0x00000000800059cc       0x48 /opt/riscv/bin/../lib/gcc/riscv64-unknown-elf/7.2.0/../../../../riscv64-unknown-elf/lib/rv32i/ilp32/libc.a(lib_a-localeconv.o)
                0x00000000800059cc                __localeconv_l
                0x00000000800059d4                _localeconv_r
                0x00000000800059f4                localeconv
 .text          0x0000000080005a14       0xdc /opt/riscv/bin/../lib/gcc/riscv64-unknown-elf/7.2.0/../../../../riscv64-unknown-elf/lib/rv32i/ilp32/libc.a(lib_a-locale.o)
                0x0000000080005a14                _setlocale_r
                0x0000000080005a94                __locale_mb_cur_max
                0x0000000080005ab4                __locale_ctype_ptr_l
                0x0000000080005abc                __locale_ctype_ptr
                0x0000000080005adc                setlocale
 .text          0x0000000080005af0      0x18c /opt/riscv/bin/../lib/gcc/riscv64-unknown-elf/7.2.0/../../../../riscv64-unknown-elf/lib/rv32i/ilp32/libc.a(lib_a-makebuf.o)
                0x0000000080005af0                __swhatbuf_r
                0x0000000080005b8c                __smakebuf_r
 .text          0x0000000080005c7c       0x7c /opt/riscv/bin/../lib/gcc/riscv64-unknown-elf/7.2.0/../../../../riscv64-unknown-elf/lib/rv32i/ilp32/libc.a(lib_a-mbtowc_r.o)
                0x0000000080005c7c                _mbtowc_r
                0x0000000080005c9c                __ascii_mbtowc
 .text          0x0000000080005cf8       0x24 /opt/riscv/bin/../lib/gcc/riscv64-unknown-elf/7.2.0/../../../../riscv64-unknown-elf/lib/rv32i/ilp32/libc.a(lib_a-memchr.o)
                0x0000000080005cf8                memchr
 .text          0x0000000080005d1c      0xf78 /opt/riscv/bin/../lib/gcc/riscv64-unknown-elf/7.2.0/../../../../riscv64-unknown-elf/lib/rv32i/ilp32/libc.a(lib_a-mprec.o)
                0x0000000080005d1c                _Balloc
                0x0000000080005dc4                _Bfree
                0x0000000080005de8                __multadd
                0x0000000080005f1c                __s2b
                0x0000000080006020                __hi0bits
                0x0000000080006094                __lo0bits
                0x0000000080006144                __i2b
                0x0000000080006178                __multiply
                0x00000000800063dc                __pow5mult
                0x00000000800064d8                __lshift
                0x000000008000661c                __mcmp
                0x0000000080006670                __mdiff
                0x00000000800067e0                __ulp
                0x0000000080006840                __b2d
                0x0000000080006944                __d2b
                0x0000000080006a80                __ratio
                0x0000000080006b54                _mprec_log10
                0x0000000080006bdc                __copybits
                0x0000000080006c2c                __any_on
 .text          0x0000000080006c94       0xb4 /opt/riscv/bin/../lib/gcc/riscv64-unknown-elf/7.2.0/../../../../riscv64-unknown-elf/lib/rv32i/ilp32/libc.a(lib_a-s_frexp.o)
                0x0000000080006c94                frexp
 .text          0x0000000080006d48       0xd8 /opt/riscv/bin/../lib/gcc/riscv64-unknown-elf/7.2.0/../../../../riscv64-unknown-elf/lib/rv32i/ilp32/libc.a(lib_a-sprintf.o)
                0x0000000080006d48                _sprintf_r
                0x0000000080006dac                sprintf
 .text          0x0000000080006e20      0x13c /opt/riscv/bin/../lib/gcc/riscv64-unknown-elf/7.2.0/../../../../riscv64-unknown-elf/lib/rv32i/ilp32/libc.a(lib_a-stdio.o)
                0x0000000080006e20                __sread
                0x0000000080006e70                __seofread
                0x0000000080006e78                __swrite
                0x0000000080006efc                __sseek
                0x0000000080006f54                __sclose
 .text          0x0000000080006f5c      0x17c /opt/riscv/bin/../lib/gcc/riscv64-unknown-elf/7.2.0/../../../../riscv64-unknown-elf/lib/rv32i/ilp32/libc.a(lib_a-strcmp.o)
                0x0000000080006f5c                strcmp
 .text          0x00000000800070d8       0x1c /opt/riscv/bin/../lib/gcc/riscv64-unknown-elf/7.2.0/../../../../riscv64-unknown-elf/lib/rv32i/ilp32/libc.a(lib_a-strcpy.o)
                0x00000000800070d8                strcpy
 .text          0x00000000800070f4       0x1c /opt/riscv/bin/../lib/gcc/riscv64-unknown-elf/7.2.0/../../../../riscv64-unknown-elf/lib/rv32i/ilp32/libc.a(lib_a-strlen.o)
                0x00000000800070f4                strlen
 .text          0x0000000080007110       0x48 /opt/riscv/bin/../lib/gcc/riscv64-unknown-elf/7.2.0/../../../../riscv64-unknown-elf/lib/rv32i/ilp32/libc.a(lib_a-strncpy.o)
                0x0000000080007110                strncpy
 .text          0x0000000080007158     0x1f94 /opt/riscv/bin/../lib/gcc/riscv64-unknown-elf/7.2.0/../../../../riscv64-unknown-elf/lib/rv32i/ilp32/libc.a(lib_a-svfprintf.o)
                0x0000000080007158                _svfprintf_r
 .text          0x00000000800090ec      0xe70 /opt/riscv/bin/../lib/gcc/riscv64-unknown-elf/7.2.0/../../../../riscv64-unknown-elf/lib/rv32i/ilp32/libc.a(lib_a-vfiprintf.o)
                0x00000000800090ec                __sprint_r
                0x00000000800091ec                _vfiprintf_r
                0x0000000080009e88                vfiprintf
 .text          0x0000000080009f5c       0x50 /opt/riscv/bin/../lib/gcc/riscv64-unknown-elf/7.2.0/../../../../riscv64-unknown-elf/lib/rv32i/ilp32/libc.a(lib_a-wctomb_r.o)
                0x0000000080009f5c                _wctomb_r
                0x0000000080009f7c                __ascii_wctomb
 .text          0x0000000080009fac       0x4c /opt/riscv/bin/../lib/gcc/riscv64-unknown-elf/7.2.0/../../../../riscv64-unknown-elf/lib/rv32i/ilp32/libc.a(lib_a-writer.o)
                0x0000000080009fac                _write_r
 .text          0x0000000080009ff8       0x44 /opt/riscv/bin/../lib/gcc/riscv64-unknown-elf/7.2.0/../../../../riscv64-unknown-elf/lib/rv32i/ilp32/libc.a(lib_a-closer.o)
                0x0000000080009ff8                _close_r
 .text          0x000000008000a03c       0xec /opt/riscv/bin/../lib/gcc/riscv64-unknown-elf/7.2.0/../../../../riscv64-unknown-elf/lib/rv32i/ilp32/libc.a(lib_a-fclose.o)
                0x000000008000a03c                _fclose_r
                0x000000008000a118                fclose
 .text          0x000000008000a128      0x198 /opt/riscv/bin/../lib/gcc/riscv64-unknown-elf/7.2.0/../../../../riscv64-unknown-elf/lib/rv32i/ilp32/libc.a(lib_a-fputwc.o)
                0x000000008000a128                __fputwc
                0x000000008000a23c                _fputwc_r
                0x000000008000a268                fputwc
 .text          0x000000008000a2c0       0x48 /opt/riscv/bin/../lib/gcc/riscv64-unknown-elf/7.2.0/../../../../riscv64-unknown-elf/lib/rv32i/ilp32/libc.a(lib_a-fstatr.o)
                0x000000008000a2c0                _fstat_r
 .text          0x000000008000a308      0x464 /opt/riscv/bin/../lib/gcc/riscv64-unknown-elf/7.2.0/../../../../riscv64-unknown-elf/lib/rv32i/ilp32/libc.a(lib_a-fvwrite.o)
                0x000000008000a308                __sfvwrite_r
 .text          0x000000008000a76c       0x44 /opt/riscv/bin/../lib/gcc/riscv64-unknown-elf/7.2.0/../../../../riscv64-unknown-elf/lib/rv32i/ilp32/libc.a(lib_a-isattyr.o)
                0x000000008000a76c                _isatty_r
 .text          0x000000008000a7b0       0x4c /opt/riscv/bin/../lib/gcc/riscv64-unknown-elf/7.2.0/../../../../riscv64-unknown-elf/lib/rv32i/ilp32/libc.a(lib_a-lseekr.o)
                0x000000008000a7b0                _lseek_r
 .text          0x000000008000a7fc       0x54 /opt/riscv/bin/../lib/gcc/riscv64-unknown-elf/7.2.0/../../../../riscv64-unknown-elf/lib/rv32i/ilp32/libc.a(lib_a-memmove.o)
                0x000000008000a7fc                memmove
 .text          0x000000008000a850       0x4c /opt/riscv/bin/../lib/gcc/riscv64-unknown-elf/7.2.0/../../../../riscv64-unknown-elf/lib/rv32i/ilp32/libc.a(lib_a-readr.o)
                0x000000008000a850                _read_r
 .text          0x000000008000a89c      0x550 /opt/riscv/bin/../lib/gcc/riscv64-unknown-elf/7.2.0/../../../../riscv64-unknown-elf/lib/rv32i/ilp32/libc.a(lib_a-reallocr.o)
                0x000000008000a89c                _realloc_r
 .text          0x000000008000adec      0xe08 /opt/riscv/bin/../lib/gcc/riscv64-unknown-elf/7.2.0/../../../../riscv64-unknown-elf/lib/rv32i/ilp32/libc.a(lib_a-svfiprintf.o)
                0x000000008000adec                __ssprint_r
                0x000000008000afb4                _svfiprintf_r
 .text          0x000000008000bbf4      0x144 /opt/riscv/bin/../lib/gcc/riscv64-unknown-elf/7.2.0/../../../../riscv64-unknown-elf/lib/rv32i/ilp32/libc.a(lib_a-wbuf.o)
                0x000000008000bbf4                __swbuf_r
                0x000000008000bd24                __swbuf
 .text          0x000000008000bd38       0xa4 /opt/riscv/bin/../lib/gcc/riscv64-unknown-elf/7.2.0/../../../../riscv64-unknown-elf/lib/rv32i/ilp32/libc.a(lib_a-wcrtomb.o)
                0x000000008000bd38                _wcrtomb_r
                0x000000008000bdc4                wcrtomb
 .text          0x000000008000bddc       0x54 /opt/riscv/bin/../lib/gcc/riscv64-unknown-elf/7.2.0/../../../../riscv64-unknown-elf/lib/rv32i/ilp32/libgloss.a(sys_close.o)
                0x000000008000bddc                _close
 .text          0x000000008000be30       0x44 /opt/riscv/bin/../lib/gcc/riscv64-unknown-elf/7.2.0/../../../../riscv64-unknown-elf/lib/rv32i/ilp32/libgloss.a(sys_exit.o)
                0x000000008000be30                _exit
 .text          0x000000008000be74       0x30 /opt/riscv/bin/../lib/gcc/riscv64-unknown-elf/7.2.0/../../../../riscv64-unknown-elf/lib/rv32i/ilp32/libgloss.a(sys_isatty.o)
                0x000000008000be74                _isatty
 .text          0x000000008000bea4       0x4c /opt/riscv/bin/../lib/gcc/riscv64-unknown-elf/7.2.0/../../../../riscv64-unknown-elf/lib/rv32i/ilp32/libgloss.a(sys_lseek.o)
                0x000000008000bea4                _lseek
 .text          0x000000008000bef0       0x4c /opt/riscv/bin/../lib/gcc/riscv64-unknown-elf/7.2.0/../../../../riscv64-unknown-elf/lib/rv32i/ilp32/libgloss.a(sys_read.o)
                0x000000008000bef0                _read
 .text          0x000000008000bf3c        0xc /opt/riscv/bin/../lib/gcc/riscv64-unknown-elf/7.2.0/../../../../riscv64-unknown-elf/lib/rv32i/ilp32/libc.a(lib_a-errno.o)
                0x000000008000bf3c                __errno
 .text          0x000000008000bf48      0x5dc /opt/riscv/bin/../lib/gcc/riscv64-unknown-elf/7.2.0/rv32i/ilp32/libgcc.a(_udivdi3.o)
                0x000000008000bf48                __udivdi3
 .text          0x000000008000c524      0x500 /opt/riscv/bin/../lib/gcc/riscv64-unknown-elf/7.2.0/rv32i/ilp32/libgcc.a(_umoddi3.o)
                0x000000008000c524                __umoddi3
 .text          0x000000008000ca24      0x810 /opt/riscv/bin/../lib/gcc/riscv64-unknown-elf/7.2.0/rv32i/ilp32/libgcc.a(divdf3.o)
                0x000000008000ca24                __divdf3
 .text          0x000000008000d234      0x6f0 /opt/riscv/bin/../lib/gcc/riscv64-unknown-elf/7.2.0/rv32i/ilp32/libgcc.a(muldf3.o)
                0x000000008000d234                __muldf3
 .text          0x000000008000d924       0xcc /opt/riscv/bin/../lib/gcc/riscv64-unknown-elf/7.2.0/rv32i/ilp32/libgcc.a(eqtf2.o)
                0x000000008000d924                __eqtf2
                0x000000008000d924                __netf2
 .text          0x000000008000d9f0      0x160 /opt/riscv/bin/../lib/gcc/riscv64-unknown-elf/7.2.0/rv32i/ilp32/libgcc.a(getf2.o)
                0x000000008000d9f0                __getf2
                0x000000008000d9f0                __gttf2
 .text          0x000000008000db50      0x160 /opt/riscv/bin/../lib/gcc/riscv64-unknown-elf/7.2.0/rv32i/ilp32/libgcc.a(letf2.o)
                0x000000008000db50                __letf2
                0x000000008000db50                __lttf2
 .text          0x000000008000dcb0     0x1460 /opt/riscv/bin/../lib/gcc/riscv64-unknown-elf/7.2.0/rv32i/ilp32/libgcc.a(multf3.o)
                0x000000008000dcb0                __multf3
 .text          0x000000008000f110     0x1504 /opt/riscv/bin/../lib/gcc/riscv64-unknown-elf/7.2.0/rv32i/ilp32/libgcc.a(subtf3.o)
                0x000000008000f110                __subtf3
 .text          0x0000000080010614      0x164 /opt/riscv/bin/../lib/gcc/riscv64-unknown-elf/7.2.0/rv32i/ilp32/libgcc.a(fixtfsi.o)
                0x0000000080010614                __fixtfsi
 .text          0x0000000080010778      0x180 /opt/riscv/bin/../lib/gcc/riscv64-unknown-elf/7.2.0/rv32i/ilp32/libgcc.a(floatsitf.o)
                0x0000000080010778                __floatsitf
 .text          0x00000000800108f8      0x250 /opt/riscv/bin/../lib/gcc/riscv64-unknown-elf/7.2.0/rv32i/ilp32/libgcc.a(extenddftf2.o)
                0x00000000800108f8                __extenddftf2
 .text          0x0000000080010b48      0x358 /opt/riscv/bin/../lib/gcc/riscv64-unknown-elf/7.2.0/rv32i/ilp32/libgcc.a(trunctfdf2.o)
                0x0000000080010b48                __trunctfdf2
 .text          0x0000000080010ea0       0x4c /opt/riscv/bin/../lib/gcc/riscv64-unknown-elf/7.2.0/rv32i/ilp32/libgcc.a(_clzsi2.o)
                0x0000000080010ea0                __clzsi2
 *(.text.*)
 .text._fstat   0x0000000080010eec       0x10 /tmp/ccONNg5i.o
                0x0000000080010eec                _fstat
 .text._sbrk    0x0000000080010efc        0x8 /tmp/ccONNg5i.o
                0x0000000080010efc                _sbrk
 .text._write   0x0000000080010f04       0x6c /tmp/ccONNg5i.o
                0x0000000080010f04                _write
 .text.irqCallback
                0x0000000080010f70       0xc8 /tmp/ccONNg5i.o
                0x0000000080010f70                irqCallback
 .text.init_uart
                0x0000000080011038       0x10 /tmp/ccEDtnbQ.o
                0x0000000080011038                init_uart
 .text.spray_mem
                0x0000000080011048       0x2c /tmp/ccEDtnbQ.o
                0x0000000080011048                spray_mem
 .text.report_mem
                0x0000000080011074       0x5c /tmp/ccEDtnbQ.o
                0x0000000080011074                report_mem
 .text.PQCLEAN_KYBER512_CLEAN_poly_cbd_eta1
                0x00000000800110d0       0xac /tmp/ccImXaHM.o
                0x00000000800110d0                PQCLEAN_KYBER512_CLEAN_poly_cbd_eta1
 .text.KeccakF1600_StatePermute
                0x000000008001117c     0x230c /tmp/cctoQXFk.o
 .text.keccak_absorb.constprop.7
                0x0000000080013488      0x260 /tmp/cctoQXFk.o
 .text.shake128_absorb
                0x00000000800136e8      0x280 /tmp/cctoQXFk.o
                0x00000000800136e8                shake128_absorb
 .text.shake128_squeezeblocks
                0x0000000080013968       0xa8 /tmp/cctoQXFk.o
                0x0000000080013968                shake128_squeezeblocks
 .text.shake128_ctx_release
                0x0000000080013a10        0x8 /tmp/cctoQXFk.o
                0x0000000080013a10                shake128_ctx_release
 .text.shake256
                0x0000000080013a18      0x2a0 /tmp/cctoQXFk.o
                0x0000000080013a18                shake256
 .text.sha3_256
                0x0000000080013cb8     0x1170 /tmp/cctoQXFk.o
                0x0000000080013cb8                sha3_256
 .text.sha3_512
                0x0000000080014e28      0xd6c /tmp/cctoQXFk.o
                0x0000000080014e28                sha3_512
 .text.PQCLEAN_KYBER512_CLEAN_indcpa_keypair
                0x0000000080015b94      0x448 /tmp/ccM0M6VJ.o
                0x0000000080015b94                PQCLEAN_KYBER512_CLEAN_indcpa_keypair
 .text.PQCLEAN_KYBER512_CLEAN_crypto_kem_keypair
                0x0000000080015fdc       0xd0 /tmp/ccHKzpkH.o
                0x0000000080015fdc                PQCLEAN_KYBER512_CLEAN_crypto_kem_keypair
 .text.PQCLEAN_KYBER512_CLEAN_ntt
                0x00000000800160ac      0x14c /tmp/ccU1Sbqf.o
                0x00000000800160ac                PQCLEAN_KYBER512_CLEAN_ntt
 .text.PQCLEAN_KYBER512_CLEAN_basemul
                0x00000000800161f8       0xb4 /tmp/ccU1Sbqf.o
                0x00000000800161f8                PQCLEAN_KYBER512_CLEAN_basemul
 .text.PQCLEAN_KYBER512_CLEAN_poly_tobytes
                0x00000000800162ac       0x68 /tmp/cc69g3bb.o
                0x00000000800162ac                PQCLEAN_KYBER512_CLEAN_poly_tobytes
 .text.PQCLEAN_KYBER512_CLEAN_poly_getnoise_eta1
                0x0000000080016314       0x40 /tmp/cc69g3bb.o
                0x0000000080016314                PQCLEAN_KYBER512_CLEAN_poly_getnoise_eta1
 .text.PQCLEAN_KYBER512_CLEAN_poly_ntt
                0x0000000080016354       0x44 /tmp/cc69g3bb.o
                0x0000000080016354                PQCLEAN_KYBER512_CLEAN_poly_ntt
 .text.PQCLEAN_KYBER512_CLEAN_poly_basemul_montgomery
                0x0000000080016398       0xa8 /tmp/cc69g3bb.o
                0x0000000080016398                PQCLEAN_KYBER512_CLEAN_poly_basemul_montgomery
 .text.PQCLEAN_KYBER512_CLEAN_poly_tomont
                0x0000000080016440       0x48 /tmp/cc69g3bb.o
                0x0000000080016440                PQCLEAN_KYBER512_CLEAN_poly_tomont
 .text.PQCLEAN_KYBER512_CLEAN_poly_reduce
                0x0000000080016488       0x40 /tmp/cc69g3bb.o
                0x0000000080016488                PQCLEAN_KYBER512_CLEAN_poly_reduce
 .text.PQCLEAN_KYBER512_CLEAN_poly_add
                0x00000000800164c8       0x28 /tmp/cc69g3bb.o
                0x00000000800164c8                PQCLEAN_KYBER512_CLEAN_poly_add
 .text.PQCLEAN_KYBER512_CLEAN_polyvec_tobytes
                0x00000000800164f0       0x38 /tmp/ccYfsNli.o
                0x00000000800164f0                PQCLEAN_KYBER512_CLEAN_polyvec_tobytes
 .text.PQCLEAN_KYBER512_CLEAN_polyvec_ntt
                0x0000000080016528       0x28 /tmp/ccYfsNli.o
                0x0000000080016528                PQCLEAN_KYBER512_CLEAN_polyvec_ntt
 .text.PQCLEAN_KYBER512_CLEAN_polyvec_basemul_acc_montgomery
                0x0000000080016550       0x64 /tmp/ccYfsNli.o
                0x0000000080016550                PQCLEAN_KYBER512_CLEAN_polyvec_basemul_acc_montgomery
 .text.PQCLEAN_KYBER512_CLEAN_polyvec_reduce
                0x00000000800165b4       0x28 /tmp/ccYfsNli.o
                0x00000000800165b4                PQCLEAN_KYBER512_CLEAN_polyvec_reduce
 .text.PQCLEAN_KYBER512_CLEAN_polyvec_add
                0x00000000800165dc       0x48 /tmp/ccYfsNli.o
                0x00000000800165dc                PQCLEAN_KYBER512_CLEAN_polyvec_add
 .text.randombytes
                0x0000000080016624       0xb4 /tmp/cclHfvmm.o
                0x0000000080016624                randombytes
 .text.PQCLEAN_KYBER512_CLEAN_montgomery_reduce
                0x00000000800166d8       0x4c /tmp/cct1tZrs.o
                0x00000000800166d8                PQCLEAN_KYBER512_CLEAN_montgomery_reduce
 .text.PQCLEAN_KYBER512_CLEAN_barrett_reduce
                0x0000000080016724       0x50 /tmp/cct1tZrs.o
                0x0000000080016724                PQCLEAN_KYBER512_CLEAN_barrett_reduce
 .text.PQCLEAN_KYBER512_CLEAN_kyber_shake128_absorb
                0x0000000080016774       0x5c /tmp/cc5BVuwK.o
                0x0000000080016774                PQCLEAN_KYBER512_CLEAN_kyber_shake128_absorb
 .text.PQCLEAN_KYBER512_CLEAN_kyber_shake256_prf
                0x00000000800167d0       0x64 /tmp/cc5BVuwK.o
                0x00000000800167d0                PQCLEAN_KYBER512_CLEAN_kyber_shake256_prf
 .text.startup.main
                0x0000000080016834       0x90 /tmp/ccXmLEOt.o
                0x0000000080016834                main
                0x00000000800168c4                end = .

.rodata         0x00000000800168c8      0xf24
 *(.rdata)
 *(.rodata .rodata.*)
 .rodata.report_mem.str1.4
                0x00000000800168c8       0x22 /tmp/ccEDtnbQ.o
 *fill*         0x00000000800168ea        0x6 
 .rodata.KeccakF_RoundConstants
                0x00000000800168f0       0xc0 /tmp/cctoQXFk.o
 .rodata.PQCLEAN_KYBER512_CLEAN_indcpa_keypair.str1.4
                0x00000000800169b0       0x2e /tmp/ccM0M6VJ.o
 *fill*         0x00000000800169de        0x2 
 .rodata.PQCLEAN_KYBER512_CLEAN_crypto_kem_keypair.str1.4
                0x00000000800169e0        0xf /tmp/ccHKzpkH.o
 *fill*         0x00000000800169ef        0x1 
 .rodata.PQCLEAN_KYBER512_CLEAN_zetas
                0x00000000800169f0      0x100 /tmp/ccU1Sbqf.o
                0x00000000800169f0                PQCLEAN_KYBER512_CLEAN_zetas
 .rodata.main.str1.4
                0x0000000080016af0       0x23 /tmp/ccXmLEOt.o
 *fill*         0x0000000080016b13        0x1 
 .rodata        0x0000000080016b14      0x18c /opt/riscv/bin/../lib/gcc/riscv64-unknown-elf/7.2.0/../../../../riscv64-unknown-elf/lib/rv32i/ilp32/libc.a(lib_a-vfprintf.o)
 .rodata.str1.4
                0x0000000080016ca0       0x3a /opt/riscv/bin/../lib/gcc/riscv64-unknown-elf/7.2.0/../../../../riscv64-unknown-elf/lib/rv32i/ilp32/libc.a(lib_a-vfprintf.o)
 *fill*         0x0000000080016cda        0x2 
 .rodata        0x0000000080016cdc      0x254 /opt/riscv/bin/../lib/gcc/riscv64-unknown-elf/7.2.0/../../../../riscv64-unknown-elf/lib/rv32i/ilp32/libc.a(lib_a-ldtoa.o)
 .rodata.str1.4
                0x0000000080016f30       0x28 /opt/riscv/bin/../lib/gcc/riscv64-unknown-elf/7.2.0/../../../../riscv64-unknown-elf/lib/rv32i/ilp32/libc.a(lib_a-ldtoa.o)
 .rodata.str1.4
                0x0000000080016f58       0x10 /opt/riscv/bin/../lib/gcc/riscv64-unknown-elf/7.2.0/../../../../riscv64-unknown-elf/lib/rv32i/ilp32/libc.a(lib_a-locale.o)
                                         0x12 (size before relaxing)
 .rodata        0x0000000080016f68      0x128 /opt/riscv/bin/../lib/gcc/riscv64-unknown-elf/7.2.0/../../../../riscv64-unknown-elf/lib/rv32i/ilp32/libc.a(lib_a-mprec.o)
                0x0000000080016f78                __mprec_tens
                0x0000000080017040                __mprec_tinytens
                0x0000000080017068                __mprec_bigtens
 .rodata        0x0000000080017090      0x18c /opt/riscv/bin/../lib/gcc/riscv64-unknown-elf/7.2.0/../../../../riscv64-unknown-elf/lib/rv32i/ilp32/libc.a(lib_a-svfprintf.o)
 .rodata.str1.4
                0x000000008001721c       0x3a /opt/riscv/bin/../lib/gcc/riscv64-unknown-elf/7.2.0/../../../../riscv64-unknown-elf/lib/rv32i/ilp32/libc.a(lib_a-svfprintf.o)
 .rodata        0x000000008001721c      0x18c /opt/riscv/bin/../lib/gcc/riscv64-unknown-elf/7.2.0/../../../../riscv64-unknown-elf/lib/rv32i/ilp32/libc.a(lib_a-vfiprintf.o)
 .rodata.str1.4
                0x00000000800173a8       0x25 /opt/riscv/bin/../lib/gcc/riscv64-unknown-elf/7.2.0/../../../../riscv64-unknown-elf/lib/rv32i/ilp32/libc.a(lib_a-vfiprintf.o)
 .rodata        0x00000000800173a8      0x101 /opt/riscv/bin/../lib/gcc/riscv64-unknown-elf/7.2.0/../../../../riscv64-unknown-elf/lib/rv32i/ilp32/libc.a(lib_a-ctype_.o)
                0x00000000800173a8                _ctype_
 *fill*         0x00000000800174a9        0x3 
 .rodata        0x00000000800174ac      0x18c /opt/riscv/bin/../lib/gcc/riscv64-unknown-elf/7.2.0/../../../../riscv64-unknown-elf/lib/rv32i/ilp32/libc.a(lib_a-svfiprintf.o)
 .rodata.str1.4
                0x0000000080017638       0x25 /opt/riscv/bin/../lib/gcc/riscv64-unknown-elf/7.2.0/../../../../riscv64-unknown-elf/lib/rv32i/ilp32/libc.a(lib_a-svfiprintf.o)
 .rodata        0x0000000080017638       0x3c /opt/riscv/bin/../lib/gcc/riscv64-unknown-elf/7.2.0/rv32i/ilp32/libgcc.a(divdf3.o)
 .rodata        0x0000000080017674       0x3c /opt/riscv/bin/../lib/gcc/riscv64-unknown-elf/7.2.0/rv32i/ilp32/libgcc.a(muldf3.o)
 .rodata        0x00000000800176b0       0x3c /opt/riscv/bin/../lib/gcc/riscv64-unknown-elf/7.2.0/rv32i/ilp32/libgcc.a(multf3.o)
 .rodata        0x00000000800176ec      0x100 /opt/riscv/bin/../lib/gcc/riscv64-unknown-elf/7.2.0/rv32i/ilp32/libgcc.a(_clz.o)
                0x00000000800176ec                __clz_tab
 *(.gnu.linkonce.r.*)

.rela.dyn       0x00000000800177ec        0x0
 .rela.text     0x00000000800177ec        0x0 /tmp/cc1tljjU.o
 .rela.text.spray_mem
                0x00000000800177ec        0x0 /tmp/cc1tljjU.o
 .rela.text.report_mem
                0x00000000800177ec        0x0 /tmp/cc1tljjU.o
 .rela.text.mbedtls_sha256_init
                0x00000000800177ec        0x0 /tmp/cc1tljjU.o
 .rela.text.mbedtls_sha256_update_ret
                0x00000000800177ec        0x0 /tmp/cc1tljjU.o
 .rela.text.mbedtls_sha256_update
                0x00000000800177ec        0x0 /tmp/cc1tljjU.o
 .rela.text.mbedtls_sha256_finish_ret
                0x00000000800177ec        0x0 /tmp/cc1tljjU.o
 .rela.text.mbedtls_sha256_finish
                0x00000000800177ec        0x0 /tmp/cc1tljjU.o
 .rela.text.mbedtls_sha256_ret
                0x00000000800177ec        0x0 /tmp/cc1tljjU.o
 .rela.text.mbedtls_sha256
                0x00000000800177ec        0x0 /tmp/cc1tljjU.o
 .rela.text.mbedtls_sha256_self_test
                0x00000000800177ec        0x0 /tmp/cc1tljjU.o
 .rela.text.aes_ecb4x.constprop.3
                0x00000000800177ec        0x0 /tmp/cc1tljjU.o
 .rela.text.aes_ctr4x
                0x00000000800177ec        0x0 /tmp/cc1tljjU.o
 .rela.text.aes_ctr
                0x00000000800177ec        0x0 /tmp/cc1tljjU.o
 .rela.text.aes_ecb4x.constprop.5
                0x00000000800177ec        0x0 /tmp/cc1tljjU.o
 .rela.text.aes_ecb4x.constprop.4
                0x00000000800177ec        0x0 /tmp/cc1tljjU.o
 .rela.text.aes128_ecb_keyexp
                0x00000000800177ec        0x0 /tmp/cc1tljjU.o
 .rela.text.aes192_ecb_keyexp
                0x00000000800177ec        0x0 /tmp/cc1tljjU.o
 .rela.text.aes256_ecb_keyexp
                0x00000000800177ec        0x0 /tmp/cc1tljjU.o
 .rela.text.aes128_ecb
                0x00000000800177ec        0x0 /tmp/cc1tljjU.o
 .rela.text.aes192_ecb
                0x00000000800177ec        0x0 /tmp/cc1tljjU.o
 .rela.text.aes256_ecb
                0x00000000800177ec        0x0 /tmp/cc1tljjU.o
 .rela.text.aes128_ctx_release
                0x00000000800177ec        0x0 /tmp/cc1tljjU.o
 .rela.text.aes192_ctx_release
                0x00000000800177ec        0x0 /tmp/cc1tljjU.o
 .rela.text.aes256_ctx_release
                0x00000000800177ec        0x0 /tmp/cc1tljjU.o
 .rela.text.shake128_inc_init
                0x00000000800177ec        0x0 /tmp/cc1tljjU.o
 .rela.text.shake128_inc_ctx_clone
                0x00000000800177ec        0x0 /tmp/cc1tljjU.o
 .rela.text.shake128_inc_ctx_release
                0x00000000800177ec        0x0 /tmp/cc1tljjU.o
 .rela.text.shake256_inc_init
                0x00000000800177ec        0x0 /tmp/cc1tljjU.o
 .rela.text.shake256_inc_ctx_clone
                0x00000000800177ec        0x0 /tmp/cc1tljjU.o
 .rela.text.shake256_inc_ctx_release
                0x00000000800177ec        0x0 /tmp/cc1tljjU.o
 .rela.text.shake128_absorb
                0x00000000800177ec        0x0 /tmp/cc1tljjU.o
 .rela.text.shake128_ctx_clone
                0x00000000800177ec        0x0 /tmp/cc1tljjU.o
 .rela.text.shake128_ctx_release
                0x00000000800177ec        0x0 /tmp/cc1tljjU.o
 .rela.text.shake256_absorb
                0x00000000800177ec        0x0 /tmp/cc1tljjU.o
 .rela.text.shake256_ctx_clone
                0x00000000800177ec        0x0 /tmp/cc1tljjU.o
 .rela.text.shake256_ctx_release
                0x00000000800177ec        0x0 /tmp/cc1tljjU.o
 .rela.text.shake128
                0x00000000800177ec        0x0 /tmp/cc1tljjU.o
 .rela.text.shake256
                0x00000000800177ec        0x0 /tmp/cc1tljjU.o
 .rela.text.sha3_256_inc_init
                0x00000000800177ec        0x0 /tmp/cc1tljjU.o
 .rela.text.sha3_256_inc_ctx_clone
                0x00000000800177ec        0x0 /tmp/cc1tljjU.o
 .rela.text.sha3_256_inc_ctx_release
                0x00000000800177ec        0x0 /tmp/cc1tljjU.o
 .rela.text.sha3_256_inc_finalize
                0x00000000800177ec        0x0 /tmp/cc1tljjU.o
 .rela.text.sha3_384_inc_init
                0x00000000800177ec        0x0 /tmp/cc1tljjU.o
 .rela.text.sha3_384_inc_ctx_clone
                0x00000000800177ec        0x0 /tmp/cc1tljjU.o
 .rela.text.sha3_384_inc_ctx_release
                0x00000000800177ec        0x0 /tmp/cc1tljjU.o
 .rela.text.sha3_384_inc_finalize
                0x00000000800177ec        0x0 /tmp/cc1tljjU.o
 .rela.text.sha3_512_inc_init
                0x00000000800177ec        0x0 /tmp/cc1tljjU.o
 .rela.text.sha3_512_inc_ctx_clone
                0x00000000800177ec        0x0 /tmp/cc1tljjU.o
 .rela.text.sha3_512_inc_ctx_release
                0x00000000800177ec        0x0 /tmp/cc1tljjU.o
 .rela.text.sha3_512_inc_finalize
                0x00000000800177ec        0x0 /tmp/cc1tljjU.o
 .rela.text.PQCLEAN_KYBER512_CLEAN_gen_matrix
                0x00000000800177ec        0x0 /tmp/cc1tljjU.o
 .rela.text.PQCLEAN_KYBER512_CLEAN_indcpa_keypair
                0x00000000800177ec        0x0 /tmp/cc1tljjU.o
 .rela.text.PQCLEAN_KYBER512_CLEAN_indcpa_enc
                0x00000000800177ec        0x0 /tmp/cc1tljjU.o
 .rela.text.PQCLEAN_KYBER512_CLEAN_indcpa_dec
                0x00000000800177ec        0x0 /tmp/cc1tljjU.o
 .rela.text.PQCLEAN_KYBER512_CLEAN_crypto_kem_keypair
                0x00000000800177ec        0x0 /tmp/cc1tljjU.o
 .rela.text.PQCLEAN_KYBER512_CLEAN_crypto_kem_enc
                0x00000000800177ec        0x0 /tmp/cc1tljjU.o
 .rela.text.PQCLEAN_KYBER512_CLEAN_crypto_kem_dec
                0x00000000800177ec        0x0 /tmp/cc1tljjU.o
 .rela.text.seedexpander_init
                0x00000000800177ec        0x0 /tmp/cc1tljjU.o
 .rela.text.seedexpander
                0x00000000800177ec        0x0 /tmp/cc1tljjU.o
 .rela.text.PQCLEAN_KYBER512_CLEAN_ntt
                0x00000000800177ec        0x0 /tmp/cc1tljjU.o
 .rela.text.PQCLEAN_KYBER512_CLEAN_invntt
                0x00000000800177ec        0x0 /tmp/cc1tljjU.o
 .rela.text.PQCLEAN_KYBER512_CLEAN_basemul
                0x00000000800177ec        0x0 /tmp/cc1tljjU.o
 .rela.text.PQCLEAN_KYBER512_CLEAN_poly_compress
                0x00000000800177ec        0x0 /tmp/cc1tljjU.o
 .rela.text.PQCLEAN_KYBER512_CLEAN_poly_decompress
                0x00000000800177ec        0x0 /tmp/cc1tljjU.o
 .rela.text.PQCLEAN_KYBER512_CLEAN_poly_tomsg
                0x00000000800177ec        0x0 /tmp/cc1tljjU.o
 .rela.text.PQCLEAN_KYBER512_CLEAN_poly_getnoise_eta1
                0x00000000800177ec        0x0 /tmp/cc1tljjU.o
 .rela.text.PQCLEAN_KYBER512_CLEAN_poly_getnoise_eta2
                0x00000000800177ec        0x0 /tmp/cc1tljjU.o
 .rela.text.PQCLEAN_KYBER512_CLEAN_poly_ntt
                0x00000000800177ec        0x0 /tmp/cc1tljjU.o
 .rela.text.PQCLEAN_KYBER512_CLEAN_poly_tomont
                0x00000000800177ec        0x0 /tmp/cc1tljjU.o
 .rela.text.PQCLEAN_KYBER512_CLEAN_poly_reduce
                0x00000000800177ec        0x0 /tmp/cc1tljjU.o
 .rela.text.PQCLEAN_KYBER512_CLEAN_polyvec_compress
                0x00000000800177ec        0x0 /tmp/cc1tljjU.o
 .rela.text.PQCLEAN_KYBER512_CLEAN_polyvec_decompress
                0x00000000800177ec        0x0 /tmp/cc1tljjU.o
 .rela.text.PQCLEAN_KYBER512_CLEAN_montgomery_reduce
                0x00000000800177ec        0x0 /tmp/cc1tljjU.o
 .rela.text.PQCLEAN_KYBER512_CLEAN_barrett_reduce
                0x00000000800177ec        0x0 /tmp/cc1tljjU.o
 .rela.text.sha224_inc_init
                0x00000000800177ec        0x0 /tmp/cc1tljjU.o
 .rela.text.sha256_inc_init
                0x00000000800177ec        0x0 /tmp/cc1tljjU.o
 .rela.text.sha384_inc_init
                0x00000000800177ec        0x0 /tmp/cc1tljjU.o
 .rela.text.sha512_inc_init
                0x00000000800177ec        0x0 /tmp/cc1tljjU.o
 .rela.text.sha224_inc_ctx_clone
                0x00000000800177ec        0x0 /tmp/cc1tljjU.o
 .rela.text.sha256_inc_ctx_clone
                0x00000000800177ec        0x0 /tmp/cc1tljjU.o
 .rela.text.sha384_inc_ctx_clone
                0x00000000800177ec        0x0 /tmp/cc1tljjU.o
 .rela.text.sha512_inc_ctx_clone
                0x00000000800177ec        0x0 /tmp/cc1tljjU.o
 .rela.text.sha224_inc_ctx_release
                0x00000000800177ec        0x0 /tmp/cc1tljjU.o
 .rela.text.sha256_inc_ctx_release
                0x00000000800177ec        0x0 /tmp/cc1tljjU.o
 .rela.text.sha384_inc_ctx_release
                0x00000000800177ec        0x0 /tmp/cc1tljjU.o
 .rela.text.sha512_inc_ctx_release
                0x00000000800177ec        0x0 /tmp/cc1tljjU.o
 .rela.text.sha256_inc_finalize
                0x00000000800177ec        0x0 /tmp/cc1tljjU.o
 .rela.text.sha512_inc_finalize
                0x00000000800177ec        0x0 /tmp/cc1tljjU.o
 .rela.text.sha224
                0x00000000800177ec        0x0 /tmp/cc1tljjU.o
 .rela.text.sha256
                0x00000000800177ec        0x0 /tmp/cc1tljjU.o
 .rela.text.sha384
                0x00000000800177ec        0x0 /tmp/cc1tljjU.o
 .rela.text.sha512
                0x00000000800177ec        0x0 /tmp/cc1tljjU.o
 .rela.text.PQCLEAN_KYBER512_CLEAN_kyber_shake128_absorb
                0x00000000800177ec        0x0 /tmp/cc1tljjU.o
 .rela.text.PQCLEAN_KYBER512_CLEAN_kyber_shake256_prf
                0x00000000800177ec        0x0 /tmp/cc1tljjU.o
 .rela.text.startup.main
                0x00000000800177ec        0x0 /tmp/cc1tljjU.o
 .rela.data     0x00000000800177ec        0x0 /tmp/cc1tljjU.o

.ctors          0x00000000800177ec        0x0
                0x00000000800177ec                . = ALIGN (0x4)
                0x00000000800177ec                _ctors_start = .
 *(.init_array*)
 *(SORT(.ctors.*))
 *(.ctors)
                0x00000000800177ec                . = ALIGN (0x4)
                0x00000000800177ec                _ctors_end = .

.data           0x00000000800177f0      0x9d0
 *(.rdata)
 *(.rodata .rodata.*)
 *(.gnu.linkonce.r.*)
 *(.data .data.*)
 .data          0x00000000800177f0      0x428 /opt/riscv/bin/../lib/gcc/riscv64-unknown-elf/7.2.0/../../../../riscv64-unknown-elf/lib/rv32i/ilp32/libc.a(lib_a-impure.o)
 .data          0x0000000080017c18      0x408 /opt/riscv/bin/../lib/gcc/riscv64-unknown-elf/7.2.0/../../../../riscv64-unknown-elf/lib/rv32i/ilp32/libc.a(lib_a-mallocr.o)
                0x0000000080017c18                __malloc_av_
 .data          0x0000000080018020      0x16c /opt/riscv/bin/../lib/gcc/riscv64-unknown-elf/7.2.0/../../../../riscv64-unknown-elf/lib/rv32i/ilp32/libc.a(lib_a-locale.o)
                0x0000000080018020                __global_locale
 *(.gnu.linkonce.d.*)
                0x0000000080018190                . = ALIGN (0x8)
 *fill*         0x000000008001818c        0x4 
                0x0000000080018990                PROVIDE (__global_pointer$, (. + 0x800))
 *(.sdata .sdata.*)
 .sdata.x       0x0000000080018190        0x8 /tmp/cclHfvmm.o
                0x0000000080018190                x
 .sdata         0x0000000080018198        0x8 /opt/riscv/bin/../lib/gcc/riscv64-unknown-elf/7.2.0/../../../../riscv64-unknown-elf/lib/rv32i/ilp32/libc.a(lib_a-impure.o)
                0x0000000080018198                _global_impure_ptr
                0x000000008001819c                _impure_ptr
 .sdata         0x00000000800181a0        0x8 /opt/riscv/bin/../lib/gcc/riscv64-unknown-elf/7.2.0/../../../../riscv64-unknown-elf/lib/rv32i/ilp32/libc.a(lib_a-mallocr.o)
                0x00000000800181a0                __malloc_sbrk_base
                0x00000000800181a4                __malloc_trim_threshold
 *(.gnu.linkonce.s.*)
                0x00000000800181a8                . = ALIGN (0x8)
 *(.srodata.cst16)
 *(.srodata.cst8)
 .srodata.cst8  0x00000000800181a8       0x10 /opt/riscv/bin/../lib/gcc/riscv64-unknown-elf/7.2.0/../../../../riscv64-unknown-elf/lib/rv32i/ilp32/libc.a(lib_a-mprec.o)
 .srodata.cst8  0x00000000800181b8        0x8 /opt/riscv/bin/../lib/gcc/riscv64-unknown-elf/7.2.0/../../../../riscv64-unknown-elf/lib/rv32i/ilp32/libc.a(lib_a-s_frexp.o)
 *(.srodata.cst4)
 *(.srodata.cst2)
 *(.srodata .srodata.*)

.bss            0x00000000800181c0       0x38
                0x00000000800181c0                . = ALIGN (0x4)
                0x00000000800181c0                _bss_start = .
 *(.sbss*)
 .sbss          0x00000000800181c0        0xc /opt/riscv/bin/../lib/gcc/riscv64-unknown-elf/7.2.0/../../../../riscv64-unknown-elf/lib/rv32i/ilp32/libc.a(lib_a-mallocr.o)
                0x00000000800181c0                __malloc_max_total_mem
                0x00000000800181c4                __malloc_max_sbrked_mem
                0x00000000800181c8                __malloc_top_pad
 *(.gnu.linkonce.sb.*)
 *(.bss .bss.*)
 .bss           0x00000000800181cc       0x28 /opt/riscv/bin/../lib/gcc/riscv64-unknown-elf/7.2.0/../../../../riscv64-unknown-elf/lib/rv32i/ilp32/libc.a(lib_a-mallocr.o)
                0x00000000800181cc                __malloc_current_mallinfo
 *(.gnu.linkonce.b.*)
 *(COMMON)
 COMMON         0x00000000800181f4        0x4 /opt/riscv/bin/../lib/gcc/riscv64-unknown-elf/7.2.0/../../../../riscv64-unknown-elf/lib/rv32i/ilp32/libc.a(lib_a-reent.o)
                0x00000000800181f4                errno
                0x00000000800181f8                . = ALIGN (0x4)
                0x00000000800181f8                _bss_end = .

.noinit         0x00000000800181f8        0x0
                0x00000000800181f8                . = ALIGN (0x4)
 *(.noinit .noinit.*)
                0x00000000800181f8                . = ALIGN (0x4)

._user_heap     0x00000000800181f8     0x1400
                0x00000000800181f8                . = ALIGN (0x8)
                [!provide]                        PROVIDE (end, .)
                [!provide]                        PROVIDE (_end, .)
                0x00000000800181f8                PROVIDE (_heap_start, .)
                0x00000000800195f8                . = (. + _heap_size)
 *fill*         0x00000000800181f8     0x1400 
                0x00000000800195f8                . = ALIGN (0x8)
                [!provide]                        PROVIDE (_heap_end, .)

._stack         0x00000000800195f8     0x3008
                0x0000000080019600                . = ALIGN (0x10)
 *fill*         0x00000000800195f8        0x8 
                [!provide]                        PROVIDE (_stack_end, .)
                0x000000008001c600                . = (. + _stack_size)
 *fill*         0x0000000080019600     0x3000 
                0x000000008001c600                . = ALIGN (0x10)
                0x000000008001c600                PROVIDE (_stack_start, .)
LOAD /opt/riscv/bin/../lib/gcc/riscv64-unknown-elf/7.2.0/rv32i/ilp32/libgcc.a
START GROUP
LOAD /opt/riscv/bin/../lib/gcc/riscv64-unknown-elf/7.2.0/../../../../riscv64-unknown-elf/lib/rv32i/ilp32/libc.a
LOAD /opt/riscv/bin/../lib/gcc/riscv64-unknown-elf/7.2.0/../../../../riscv64-unknown-elf/lib/rv32i/ilp32/libgloss.a
END GROUP
LOAD /opt/riscv/bin/../lib/gcc/riscv64-unknown-elf/7.2.0/rv32i/ilp32/libgcc.a
OUTPUT(test/Murax_verify elf32-littleriscv)

.debug_line     0x0000000000000000     0xa5ed
 .debug_line    0x0000000000000000      0x1e3 /tmp/cc1tljjU.o
 .debug_line    0x00000000000001e3      0x36d /tmp/ccONNg5i.o
 .debug_line    0x0000000000000550      0x22d /tmp/ccEDtnbQ.o
 .debug_line    0x000000000000077d      0x223 /tmp/ccImXaHM.o
 .debug_line    0x00000000000009a0     0x48bf /tmp/cctoQXFk.o
 .debug_line    0x000000000000525f      0x68e /tmp/ccM0M6VJ.o
 .debug_line    0x00000000000058ed      0x238 /tmp/ccHKzpkH.o
 .debug_line    0x0000000000005b25      0x26f /tmp/ccU1Sbqf.o
 .debug_line    0x0000000000005d94      0x6be /tmp/cc69g3bb.o
 .debug_line    0x0000000000006452      0x395 /tmp/ccYfsNli.o
 .debug_line    0x00000000000067e7      0x1b6 /tmp/cclHfvmm.o
 .debug_line    0x000000000000699d       0xe8 /tmp/cct1tZrs.o
 .debug_line    0x0000000000006a85      0x1a4 /tmp/cc5BVuwK.o
 .debug_line    0x0000000000006c29      0x19d /tmp/ccXmLEOt.o
 .debug_line    0x0000000000006dc6       0x98 /opt/riscv/bin/../lib/gcc/riscv64-unknown-elf/7.2.0/rv32i/ilp32/libgcc.a(muldi3.o)
 .debug_line    0x0000000000006e5e      0x16e /opt/riscv/bin/../lib/gcc/riscv64-unknown-elf/7.2.0/rv32i/ilp32/libgcc.a(div.o)
 .debug_line    0x0000000000006fcc      0x49c /opt/riscv/bin/../lib/gcc/riscv64-unknown-elf/7.2.0/rv32i/ilp32/libgcc.a(_udivdi3.o)
 .debug_line    0x0000000000007468      0x4a1 /opt/riscv/bin/../lib/gcc/riscv64-unknown-elf/7.2.0/rv32i/ilp32/libgcc.a(_umoddi3.o)
 .debug_line    0x0000000000007909      0x4b4 /opt/riscv/bin/../lib/gcc/riscv64-unknown-elf/7.2.0/rv32i/ilp32/libgcc.a(divdf3.o)
 .debug_line    0x0000000000007dbd      0x336 /opt/riscv/bin/../lib/gcc/riscv64-unknown-elf/7.2.0/rv32i/ilp32/libgcc.a(muldf3.o)
 .debug_line    0x00000000000080f3      0x17f /opt/riscv/bin/../lib/gcc/riscv64-unknown-elf/7.2.0/rv32i/ilp32/libgcc.a(eqtf2.o)
 .debug_line    0x0000000000008272      0x1fe /opt/riscv/bin/../lib/gcc/riscv64-unknown-elf/7.2.0/rv32i/ilp32/libgcc.a(getf2.o)
 .debug_line    0x0000000000008470      0x1fe /opt/riscv/bin/../lib/gcc/riscv64-unknown-elf/7.2.0/rv32i/ilp32/libgcc.a(letf2.o)
 .debug_line    0x000000000000866e      0x655 /opt/riscv/bin/../lib/gcc/riscv64-unknown-elf/7.2.0/rv32i/ilp32/libgcc.a(multf3.o)
 .debug_line    0x0000000000008cc3      0xba0 /opt/riscv/bin/../lib/gcc/riscv64-unknown-elf/7.2.0/rv32i/ilp32/libgcc.a(subtf3.o)
 .debug_line    0x0000000000009863      0x151 /opt/riscv/bin/../lib/gcc/riscv64-unknown-elf/7.2.0/rv32i/ilp32/libgcc.a(fixtfsi.o)
 .debug_line    0x00000000000099b4      0x15d /opt/riscv/bin/../lib/gcc/riscv64-unknown-elf/7.2.0/rv32i/ilp32/libgcc.a(floatsitf.o)
 .debug_line    0x0000000000009b11      0x1d9 /opt/riscv/bin/../lib/gcc/riscv64-unknown-elf/7.2.0/rv32i/ilp32/libgcc.a(extenddftf2.o)
 .debug_line    0x0000000000009cea      0x267 /opt/riscv/bin/../lib/gcc/riscv64-unknown-elf/7.2.0/rv32i/ilp32/libgcc.a(trunctfdf2.o)
 .debug_line    0x0000000000009f51      0x32a /opt/riscv/bin/../lib/gcc/riscv64-unknown-elf/7.2.0/rv32i/ilp32/libgcc.a(_clz.o)
 .debug_line    0x000000000000a27b      0x372 /opt/riscv/bin/../lib/gcc/riscv64-unknown-elf/7.2.0/rv32i/ilp32/libgcc.a(_clzsi2.o)

.debug_info     0x0000000000000000    0x113ec
 .debug_info    0x0000000000000000       0x26 /tmp/cc1tljjU.o
 .debug_info    0x0000000000000026      0xf34 /tmp/ccONNg5i.o
 .debug_info    0x0000000000000f5a      0xa28 /tmp/ccEDtnbQ.o
 .debug_info    0x0000000000001982      0x327 /tmp/ccImXaHM.o
 .debug_info    0x0000000000001ca9     0x2de4 /tmp/cctoQXFk.o
 .debug_info    0x0000000000004a8d     0x12dc /tmp/ccM0M6VJ.o
 .debug_info    0x0000000000005d69      0xcbc /tmp/ccHKzpkH.o
 .debug_info    0x0000000000006a25      0x3b3 /tmp/ccU1Sbqf.o
 .debug_info    0x0000000000006dd8      0x6ff /tmp/cc69g3bb.o
 .debug_info    0x00000000000074d7      0x589 /tmp/ccYfsNli.o
 .debug_info    0x0000000000007a60      0x9bb /tmp/cclHfvmm.o
 .debug_info    0x000000000000841b       0xf6 /tmp/cct1tZrs.o
 .debug_info    0x0000000000008511      0xa7b /tmp/cc5BVuwK.o
 .debug_info    0x0000000000008f8c      0x9ce /tmp/ccXmLEOt.o
 .debug_info    0x000000000000995a       0x26 /opt/riscv/bin/../lib/gcc/riscv64-unknown-elf/7.2.0/rv32i/ilp32/libgcc.a(muldi3.o)
 .debug_info    0x0000000000009980       0x26 /opt/riscv/bin/../lib/gcc/riscv64-unknown-elf/7.2.0/rv32i/ilp32/libgcc.a(div.o)
 .debug_info    0x00000000000099a6     0x112a /opt/riscv/bin/../lib/gcc/riscv64-unknown-elf/7.2.0/rv32i/ilp32/libgcc.a(_udivdi3.o)
 .debug_info    0x000000000000aad0     0x1136 /opt/riscv/bin/../lib/gcc/riscv64-unknown-elf/7.2.0/rv32i/ilp32/libgcc.a(_umoddi3.o)
 .debug_info    0x000000000000bc06      0x6d6 /opt/riscv/bin/../lib/gcc/riscv64-unknown-elf/7.2.0/rv32i/ilp32/libgcc.a(divdf3.o)
 .debug_info    0x000000000000c2dc      0x70d /opt/riscv/bin/../lib/gcc/riscv64-unknown-elf/7.2.0/rv32i/ilp32/libgcc.a(muldf3.o)
 .debug_info    0x000000000000c9e9      0x276 /opt/riscv/bin/../lib/gcc/riscv64-unknown-elf/7.2.0/rv32i/ilp32/libgcc.a(eqtf2.o)
 .debug_info    0x000000000000cc5f      0x272 /opt/riscv/bin/../lib/gcc/riscv64-unknown-elf/7.2.0/rv32i/ilp32/libgcc.a(getf2.o)
 .debug_info    0x000000000000ced1      0x272 /opt/riscv/bin/../lib/gcc/riscv64-unknown-elf/7.2.0/rv32i/ilp32/libgcc.a(letf2.o)
 .debug_info    0x000000000000d143     0x1179 /opt/riscv/bin/../lib/gcc/riscv64-unknown-elf/7.2.0/rv32i/ilp32/libgcc.a(multf3.o)
 .debug_info    0x000000000000e2bc      0xcba /opt/riscv/bin/../lib/gcc/riscv64-unknown-elf/7.2.0/rv32i/ilp32/libgcc.a(subtf3.o)
 .debug_info    0x000000000000ef76      0x29d /opt/riscv/bin/../lib/gcc/riscv64-unknown-elf/7.2.0/rv32i/ilp32/libgcc.a(fixtfsi.o)
 .debug_info    0x000000000000f213      0x389 /opt/riscv/bin/../lib/gcc/riscv64-unknown-elf/7.2.0/rv32i/ilp32/libgcc.a(floatsitf.o)
 .debug_info    0x000000000000f59c      0x3bc /opt/riscv/bin/../lib/gcc/riscv64-unknown-elf/7.2.0/rv32i/ilp32/libgcc.a(extenddftf2.o)
 .debug_info    0x000000000000f958      0x4f3 /opt/riscv/bin/../lib/gcc/riscv64-unknown-elf/7.2.0/rv32i/ilp32/libgcc.a(trunctfdf2.o)
 .debug_info    0x000000000000fe4b      0xa9d /opt/riscv/bin/../lib/gcc/riscv64-unknown-elf/7.2.0/rv32i/ilp32/libgcc.a(_clz.o)
 .debug_info    0x00000000000108e8      0xb04 /opt/riscv/bin/../lib/gcc/riscv64-unknown-elf/7.2.0/rv32i/ilp32/libgcc.a(_clzsi2.o)

.debug_abbrev   0x0000000000000000     0x34d5
 .debug_abbrev  0x0000000000000000       0x14 /tmp/cc1tljjU.o
 .debug_abbrev  0x0000000000000014      0x2c0 /tmp/ccONNg5i.o
 .debug_abbrev  0x00000000000002d4      0x259 /tmp/ccEDtnbQ.o
 .debug_abbrev  0x000000000000052d      0x13b /tmp/ccImXaHM.o
 .debug_abbrev  0x0000000000000668      0x446 /tmp/cctoQXFk.o
 .debug_abbrev  0x0000000000000aae      0x2cd /tmp/ccM0M6VJ.o
 .debug_abbrev  0x0000000000000d7b      0x214 /tmp/ccHKzpkH.o
 .debug_abbrev  0x0000000000000f8f      0x15f /tmp/ccU1Sbqf.o
 .debug_abbrev  0x00000000000010ee      0x21b /tmp/cc69g3bb.o
 .debug_abbrev  0x0000000000001309      0x144 /tmp/ccYfsNli.o
 .debug_abbrev  0x000000000000144d      0x22d /tmp/cclHfvmm.o
 .debug_abbrev  0x000000000000167a       0xa1 /tmp/cct1tZrs.o
 .debug_abbrev  0x000000000000171b      0x1fa /tmp/cc5BVuwK.o
 .debug_abbrev  0x0000000000001915      0x203 /tmp/ccXmLEOt.o
 .debug_abbrev  0x0000000000001b18       0x14 /opt/riscv/bin/../lib/gcc/riscv64-unknown-elf/7.2.0/rv32i/ilp32/libgcc.a(muldi3.o)
 .debug_abbrev  0x0000000000001b2c       0x14 /opt/riscv/bin/../lib/gcc/riscv64-unknown-elf/7.2.0/rv32i/ilp32/libgcc.a(div.o)
 .debug_abbrev  0x0000000000001b40      0x292 /opt/riscv/bin/../lib/gcc/riscv64-unknown-elf/7.2.0/rv32i/ilp32/libgcc.a(_udivdi3.o)
 .debug_abbrev  0x0000000000001dd2      0x2ac /opt/riscv/bin/../lib/gcc/riscv64-unknown-elf/7.2.0/rv32i/ilp32/libgcc.a(_umoddi3.o)
 .debug_abbrev  0x000000000000207e      0x170 /opt/riscv/bin/../lib/gcc/riscv64-unknown-elf/7.2.0/rv32i/ilp32/libgcc.a(divdf3.o)
 .debug_abbrev  0x00000000000021ee      0x177 /opt/riscv/bin/../lib/gcc/riscv64-unknown-elf/7.2.0/rv32i/ilp32/libgcc.a(muldf3.o)
 .debug_abbrev  0x0000000000002365      0x169 /opt/riscv/bin/../lib/gcc/riscv64-unknown-elf/7.2.0/rv32i/ilp32/libgcc.a(eqtf2.o)
 .debug_abbrev  0x00000000000024ce      0x17a /opt/riscv/bin/../lib/gcc/riscv64-unknown-elf/7.2.0/rv32i/ilp32/libgcc.a(getf2.o)
 .debug_abbrev  0x0000000000002648      0x17a /opt/riscv/bin/../lib/gcc/riscv64-unknown-elf/7.2.0/rv32i/ilp32/libgcc.a(letf2.o)
 .debug_abbrev  0x00000000000027c2      0x186 /opt/riscv/bin/../lib/gcc/riscv64-unknown-elf/7.2.0/rv32i/ilp32/libgcc.a(multf3.o)
 .debug_abbrev  0x0000000000002948      0x197 /opt/riscv/bin/../lib/gcc/riscv64-unknown-elf/7.2.0/rv32i/ilp32/libgcc.a(subtf3.o)
 .debug_abbrev  0x0000000000002adf      0x188 /opt/riscv/bin/../lib/gcc/riscv64-unknown-elf/7.2.0/rv32i/ilp32/libgcc.a(fixtfsi.o)
 .debug_abbrev  0x0000000000002c67      0x17d /opt/riscv/bin/../lib/gcc/riscv64-unknown-elf/7.2.0/rv32i/ilp32/libgcc.a(floatsitf.o)
 .debug_abbrev  0x0000000000002de4      0x190 /opt/riscv/bin/../lib/gcc/riscv64-unknown-elf/7.2.0/rv32i/ilp32/libgcc.a(extenddftf2.o)
 .debug_abbrev  0x0000000000002f74      0x193 /opt/riscv/bin/../lib/gcc/riscv64-unknown-elf/7.2.0/rv32i/ilp32/libgcc.a(trunctfdf2.o)
 .debug_abbrev  0x0000000000003107      0x1be /opt/riscv/bin/../lib/gcc/riscv64-unknown-elf/7.2.0/rv32i/ilp32/libgcc.a(_clz.o)
 .debug_abbrev  0x00000000000032c5      0x210 /opt/riscv/bin/../lib/gcc/riscv64-unknown-elf/7.2.0/rv32i/ilp32/libgcc.a(_clzsi2.o)

.debug_aranges  0x0000000000000000      0x668
 .debug_aranges
                0x0000000000000000       0x20 /tmp/cc1tljjU.o
 .debug_aranges
                0x0000000000000020       0x40 /tmp/ccONNg5i.o
 .debug_aranges
                0x0000000000000060       0x38 /tmp/ccEDtnbQ.o
 .debug_aranges
                0x0000000000000098       0x28 /tmp/ccImXaHM.o
 .debug_aranges
                0x00000000000000c0      0x170 /tmp/cctoQXFk.o
 .debug_aranges
                0x0000000000000230       0x38 /tmp/ccM0M6VJ.o
 .debug_aranges
                0x0000000000000268       0x30 /tmp/ccHKzpkH.o
 .debug_aranges
                0x0000000000000298       0x30 /tmp/ccU1Sbqf.o
 .debug_aranges
                0x00000000000002c8       0x90 /tmp/cc69g3bb.o
 .debug_aranges
                0x0000000000000358       0x60 /tmp/ccYfsNli.o
 .debug_aranges
                0x00000000000003b8       0x28 /tmp/cclHfvmm.o
 .debug_aranges
                0x00000000000003e0       0x28 /tmp/cct1tZrs.o
 .debug_aranges
                0x0000000000000408       0x28 /tmp/cc5BVuwK.o
 .debug_aranges
                0x0000000000000430       0x20 /tmp/ccXmLEOt.o
 .debug_aranges
                0x0000000000000450       0x20 /opt/riscv/bin/../lib/gcc/riscv64-unknown-elf/7.2.0/rv32i/ilp32/libgcc.a(muldi3.o)
 .debug_aranges
                0x0000000000000470       0x20 /opt/riscv/bin/../lib/gcc/riscv64-unknown-elf/7.2.0/rv32i/ilp32/libgcc.a(div.o)
 .debug_aranges
                0x0000000000000490       0x20 /opt/riscv/bin/../lib/gcc/riscv64-unknown-elf/7.2.0/rv32i/ilp32/libgcc.a(_udivdi3.o)
 .debug_aranges
                0x00000000000004b0       0x20 /opt/riscv/bin/../lib/gcc/riscv64-unknown-elf/7.2.0/rv32i/ilp32/libgcc.a(_umoddi3.o)
 .debug_aranges
                0x00000000000004d0       0x20 /opt/riscv/bin/../lib/gcc/riscv64-unknown-elf/7.2.0/rv32i/ilp32/libgcc.a(divdf3.o)
 .debug_aranges
                0x00000000000004f0       0x20 /opt/riscv/bin/../lib/gcc/riscv64-unknown-elf/7.2.0/rv32i/ilp32/libgcc.a(muldf3.o)
 .debug_aranges
                0x0000000000000510       0x20 /opt/riscv/bin/../lib/gcc/riscv64-unknown-elf/7.2.0/rv32i/ilp32/libgcc.a(eqtf2.o)
 .debug_aranges
                0x0000000000000530       0x20 /opt/riscv/bin/../lib/gcc/riscv64-unknown-elf/7.2.0/rv32i/ilp32/libgcc.a(getf2.o)
 .debug_aranges
                0x0000000000000550       0x20 /opt/riscv/bin/../lib/gcc/riscv64-unknown-elf/7.2.0/rv32i/ilp32/libgcc.a(letf2.o)
 .debug_aranges
                0x0000000000000570       0x20 /opt/riscv/bin/../lib/gcc/riscv64-unknown-elf/7.2.0/rv32i/ilp32/libgcc.a(multf3.o)
 .debug_aranges
                0x0000000000000590       0x20 /opt/riscv/bin/../lib/gcc/riscv64-unknown-elf/7.2.0/rv32i/ilp32/libgcc.a(subtf3.o)
 .debug_aranges
                0x00000000000005b0       0x20 /opt/riscv/bin/../lib/gcc/riscv64-unknown-elf/7.2.0/rv32i/ilp32/libgcc.a(fixtfsi.o)
 .debug_aranges
                0x00000000000005d0       0x20 /opt/riscv/bin/../lib/gcc/riscv64-unknown-elf/7.2.0/rv32i/ilp32/libgcc.a(floatsitf.o)
 .debug_aranges
                0x00000000000005f0       0x20 /opt/riscv/bin/../lib/gcc/riscv64-unknown-elf/7.2.0/rv32i/ilp32/libgcc.a(extenddftf2.o)
 .debug_aranges
                0x0000000000000610       0x20 /opt/riscv/bin/../lib/gcc/riscv64-unknown-elf/7.2.0/rv32i/ilp32/libgcc.a(trunctfdf2.o)
 .debug_aranges
                0x0000000000000630       0x18 /opt/riscv/bin/../lib/gcc/riscv64-unknown-elf/7.2.0/rv32i/ilp32/libgcc.a(_clz.o)
 .debug_aranges
                0x0000000000000648       0x20 /opt/riscv/bin/../lib/gcc/riscv64-unknown-elf/7.2.0/rv32i/ilp32/libgcc.a(_clzsi2.o)

.debug_str      0x0000000000000000     0x2242
 .debug_str     0x0000000000000000       0x5d /tmp/cc1tljjU.o
 .debug_str     0x000000000000005d      0x661 /tmp/ccONNg5i.o
                                        0x784 (size before relaxing)
 .debug_str     0x00000000000006be       0x82 /tmp/ccEDtnbQ.o
                                        0x638 (size before relaxing)
 .debug_str     0x0000000000000740       0x8e /tmp/ccImXaHM.o
                                        0x217 (size before relaxing)
 .debug_str     0x00000000000007ce      0x45d /tmp/cctoQXFk.o
                                        0xa13 (size before relaxing)
 .debug_str     0x0000000000000c2b      0x498 /tmp/ccM0M6VJ.o
                                        0x6b3 (size before relaxing)
 .debug_str     0x00000000000010c3       0xbb /tmp/ccHKzpkH.o
                                        0x6cb (size before relaxing)
 .debug_str     0x000000000000117e       0xb8 /tmp/ccU1Sbqf.o
                                        0x25b (size before relaxing)
 .debug_str     0x0000000000001236       0xcf /tmp/cc69g3bb.o
                                        0x52e (size before relaxing)
 .debug_str     0x0000000000001305        0xa /tmp/ccYfsNli.o
                                        0x427 (size before relaxing)
 .debug_str     0x000000000000130f       0x3f /tmp/cclHfvmm.o
                                        0x5eb (size before relaxing)
 .debug_str     0x000000000000134e        0x9 /tmp/cct1tZrs.o
                                        0x1d8 (size before relaxing)
 .debug_str     0x0000000000001357       0x21 /tmp/cc5BVuwK.o
                                        0x647 (size before relaxing)
 .debug_str     0x0000000000001378       0x27 /tmp/ccXmLEOt.o
                                        0x5f8 (size before relaxing)
 .debug_str     0x000000000000139f       0xda /opt/riscv/bin/../lib/gcc/riscv64-unknown-elf/7.2.0/rv32i/ilp32/libgcc.a(muldi3.o)
                                         0xe6 (size before relaxing)
 .debug_str     0x0000000000001479       0x35 /opt/riscv/bin/../lib/gcc/riscv64-unknown-elf/7.2.0/rv32i/ilp32/libgcc.a(div.o)
                                         0xe3 (size before relaxing)
 .debug_str     0x00000000000014ae      0x2bd /opt/riscv/bin/../lib/gcc/riscv64-unknown-elf/7.2.0/rv32i/ilp32/libgcc.a(_udivdi3.o)
                                        0x84a (size before relaxing)
 .debug_str     0x000000000000176b        0xa /opt/riscv/bin/../lib/gcc/riscv64-unknown-elf/7.2.0/rv32i/ilp32/libgcc.a(_umoddi3.o)
                                        0x84a (size before relaxing)
 .debug_str     0x0000000000001775      0x2a3 /opt/riscv/bin/../lib/gcc/riscv64-unknown-elf/7.2.0/rv32i/ilp32/libgcc.a(divdf3.o)
                                        0x423 (size before relaxing)
 .debug_str     0x0000000000001a18      0x161 /opt/riscv/bin/../lib/gcc/riscv64-unknown-elf/7.2.0/rv32i/ilp32/libgcc.a(muldf3.o)
                                        0x47b (size before relaxing)
 .debug_str     0x0000000000001b79       0x8d /opt/riscv/bin/../lib/gcc/riscv64-unknown-elf/7.2.0/rv32i/ilp32/libgcc.a(eqtf2.o)
                                        0x278 (size before relaxing)
 .debug_str     0x0000000000001c06       0x5e /opt/riscv/bin/../lib/gcc/riscv64-unknown-elf/7.2.0/rv32i/ilp32/libgcc.a(getf2.o)
                                        0x29c (size before relaxing)
 .debug_str     0x0000000000001c64       0x3a /opt/riscv/bin/../lib/gcc/riscv64-unknown-elf/7.2.0/rv32i/ilp32/libgcc.a(letf2.o)
                                        0x29c (size before relaxing)
 .debug_str     0x0000000000001c9e      0x29b /opt/riscv/bin/../lib/gcc/riscv64-unknown-elf/7.2.0/rv32i/ilp32/libgcc.a(multf3.o)
                                        0x602 (size before relaxing)
 .debug_str     0x0000000000001f39      0x17d /opt/riscv/bin/../lib/gcc/riscv64-unknown-elf/7.2.0/rv32i/ilp32/libgcc.a(subtf3.o)
                                        0x4cf (size before relaxing)
 .debug_str     0x00000000000020b6       0x51 /opt/riscv/bin/../lib/gcc/riscv64-unknown-elf/7.2.0/rv32i/ilp32/libgcc.a(fixtfsi.o)
                                        0x2e0 (size before relaxing)
 .debug_str     0x0000000000002107       0x6f /opt/riscv/bin/../lib/gcc/riscv64-unknown-elf/7.2.0/rv32i/ilp32/libgcc.a(floatsitf.o)
                                        0x3a7 (size before relaxing)
 .debug_str     0x0000000000002176       0x53 /opt/riscv/bin/../lib/gcc/riscv64-unknown-elf/7.2.0/rv32i/ilp32/libgcc.a(extenddftf2.o)
                                        0x2f4 (size before relaxing)
 .debug_str     0x00000000000021c9       0x70 /opt/riscv/bin/../lib/gcc/riscv64-unknown-elf/7.2.0/rv32i/ilp32/libgcc.a(trunctfdf2.o)
                                        0x42b (size before relaxing)
 .debug_str     0x0000000000002239      0x791 /opt/riscv/bin/../lib/gcc/riscv64-unknown-elf/7.2.0/rv32i/ilp32/libgcc.a(_clz.o)
 .debug_str     0x0000000000002239        0x9 /opt/riscv/bin/../lib/gcc/riscv64-unknown-elf/7.2.0/rv32i/ilp32/libgcc.a(_clzsi2.o)
                                        0x7ae (size before relaxing)

.debug_loc      0x0000000000000000    0x10a2f
 .debug_loc     0x0000000000000000      0x342 /tmp/ccONNg5i.o
 .debug_loc     0x0000000000000342       0x5d /tmp/ccEDtnbQ.o
 .debug_loc     0x000000000000039f      0x4c7 /tmp/ccImXaHM.o
 .debug_loc     0x0000000000000866     0x4350 /tmp/cctoQXFk.o
 .debug_loc     0x0000000000004bb6     0x184c /tmp/ccM0M6VJ.o
 .debug_loc     0x0000000000006402      0x27b /tmp/ccHKzpkH.o
 .debug_loc     0x000000000000667d      0x4c2 /tmp/ccU1Sbqf.o
 .debug_loc     0x0000000000006b3f      0x916 /tmp/cc69g3bb.o
 .debug_loc     0x0000000000007455      0x4d2 /tmp/ccYfsNli.o
 .debug_loc     0x0000000000007927       0x65 /tmp/cclHfvmm.o
 .debug_loc     0x000000000000798c       0x9c /tmp/cct1tZrs.o
 .debug_loc     0x0000000000007a28      0x134 /tmp/cc5BVuwK.o
 .debug_loc     0x0000000000007b5c      0xaab /opt/riscv/bin/../lib/gcc/riscv64-unknown-elf/7.2.0/rv32i/ilp32/libgcc.a(_udivdi3.o)
 .debug_loc     0x0000000000008607      0x95e /opt/riscv/bin/../lib/gcc/riscv64-unknown-elf/7.2.0/rv32i/ilp32/libgcc.a(_umoddi3.o)
 .debug_loc     0x0000000000008f65     0x1016 /opt/riscv/bin/../lib/gcc/riscv64-unknown-elf/7.2.0/rv32i/ilp32/libgcc.a(divdf3.o)
 .debug_loc     0x0000000000009f7b      0xe40 /opt/riscv/bin/../lib/gcc/riscv64-unknown-elf/7.2.0/rv32i/ilp32/libgcc.a(muldf3.o)
 .debug_loc     0x000000000000adbb       0x87 /opt/riscv/bin/../lib/gcc/riscv64-unknown-elf/7.2.0/rv32i/ilp32/libgcc.a(eqtf2.o)
 .debug_loc     0x000000000000ae42       0xf5 /opt/riscv/bin/../lib/gcc/riscv64-unknown-elf/7.2.0/rv32i/ilp32/libgcc.a(getf2.o)
 .debug_loc     0x000000000000af37       0xf5 /opt/riscv/bin/../lib/gcc/riscv64-unknown-elf/7.2.0/rv32i/ilp32/libgcc.a(letf2.o)
 .debug_loc     0x000000000000b02c     0x26d7 /opt/riscv/bin/../lib/gcc/riscv64-unknown-elf/7.2.0/rv32i/ilp32/libgcc.a(multf3.o)
 .debug_loc     0x000000000000d703     0x229e /opt/riscv/bin/../lib/gcc/riscv64-unknown-elf/7.2.0/rv32i/ilp32/libgcc.a(subtf3.o)
 .debug_loc     0x000000000000f9a1      0x365 /opt/riscv/bin/../lib/gcc/riscv64-unknown-elf/7.2.0/rv32i/ilp32/libgcc.a(fixtfsi.o)
 .debug_loc     0x000000000000fd06      0x243 /opt/riscv/bin/../lib/gcc/riscv64-unknown-elf/7.2.0/rv32i/ilp32/libgcc.a(floatsitf.o)
 .debug_loc     0x000000000000ff49      0x3f0 /opt/riscv/bin/../lib/gcc/riscv64-unknown-elf/7.2.0/rv32i/ilp32/libgcc.a(extenddftf2.o)
 .debug_loc     0x0000000000010339      0x68b /opt/riscv/bin/../lib/gcc/riscv64-unknown-elf/7.2.0/rv32i/ilp32/libgcc.a(trunctfdf2.o)
 .debug_loc     0x00000000000109c4       0x6b /opt/riscv/bin/../lib/gcc/riscv64-unknown-elf/7.2.0/rv32i/ilp32/libgcc.a(_clzsi2.o)

.debug_ranges   0x0000000000000000     0x1f48
 .debug_ranges  0x0000000000000000       0xc0 /tmp/ccONNg5i.o
 .debug_ranges  0x00000000000000c0       0x28 /tmp/ccEDtnbQ.o
 .debug_ranges  0x00000000000000e8       0x30 /tmp/ccImXaHM.o
 .debug_ranges  0x0000000000000118      0x8c0 /tmp/cctoQXFk.o
 .debug_ranges  0x00000000000009d8      0x1b8 /tmp/ccM0M6VJ.o
 .debug_ranges  0x0000000000000b90       0x20 /tmp/ccHKzpkH.o
 .debug_ranges  0x0000000000000bb0       0x70 /tmp/ccU1Sbqf.o
 .debug_ranges  0x0000000000000c20       0x80 /tmp/cc69g3bb.o
 .debug_ranges  0x0000000000000ca0       0x50 /tmp/ccYfsNli.o
 .debug_ranges  0x0000000000000cf0       0x30 /tmp/cclHfvmm.o
 .debug_ranges  0x0000000000000d20       0x18 /tmp/cct1tZrs.o
 .debug_ranges  0x0000000000000d38       0x18 /tmp/cc5BVuwK.o
 .debug_ranges  0x0000000000000d50       0x10 /tmp/ccXmLEOt.o
 .debug_ranges  0x0000000000000d60       0xf8 /opt/riscv/bin/../lib/gcc/riscv64-unknown-elf/7.2.0/rv32i/ilp32/libgcc.a(_udivdi3.o)
 .debug_ranges  0x0000000000000e58       0xe0 /opt/riscv/bin/../lib/gcc/riscv64-unknown-elf/7.2.0/rv32i/ilp32/libgcc.a(_umoddi3.o)
 .debug_ranges  0x0000000000000f38      0x148 /opt/riscv/bin/../lib/gcc/riscv64-unknown-elf/7.2.0/rv32i/ilp32/libgcc.a(divdf3.o)
 .debug_ranges  0x0000000000001080      0x190 /opt/riscv/bin/../lib/gcc/riscv64-unknown-elf/7.2.0/rv32i/ilp32/libgcc.a(muldf3.o)
 .debug_ranges  0x0000000000001210       0x40 /opt/riscv/bin/../lib/gcc/riscv64-unknown-elf/7.2.0/rv32i/ilp32/libgcc.a(eqtf2.o)
 .debug_ranges  0x0000000000001250       0x50 /opt/riscv/bin/../lib/gcc/riscv64-unknown-elf/7.2.0/rv32i/ilp32/libgcc.a(getf2.o)
 .debug_ranges  0x00000000000012a0       0x50 /opt/riscv/bin/../lib/gcc/riscv64-unknown-elf/7.2.0/rv32i/ilp32/libgcc.a(letf2.o)
 .debug_ranges  0x00000000000012f0      0x768 /opt/riscv/bin/../lib/gcc/riscv64-unknown-elf/7.2.0/rv32i/ilp32/libgcc.a(multf3.o)
 .debug_ranges  0x0000000000001a58      0x2e0 /opt/riscv/bin/../lib/gcc/riscv64-unknown-elf/7.2.0/rv32i/ilp32/libgcc.a(subtf3.o)
 .debug_ranges  0x0000000000001d38       0x38 /opt/riscv/bin/../lib/gcc/riscv64-unknown-elf/7.2.0/rv32i/ilp32/libgcc.a(fixtfsi.o)
 .debug_ranges  0x0000000000001d70       0x98 /opt/riscv/bin/../lib/gcc/riscv64-unknown-elf/7.2.0/rv32i/ilp32/libgcc.a(floatsitf.o)
 .debug_ranges  0x0000000000001e08       0x78 /opt/riscv/bin/../lib/gcc/riscv64-unknown-elf/7.2.0/rv32i/ilp32/libgcc.a(extenddftf2.o)
 .debug_ranges  0x0000000000001e80       0xb0 /opt/riscv/bin/../lib/gcc/riscv64-unknown-elf/7.2.0/rv32i/ilp32/libgcc.a(trunctfdf2.o)
 .debug_ranges  0x0000000000001f30       0x18 /opt/riscv/bin/../lib/gcc/riscv64-unknown-elf/7.2.0/rv32i/ilp32/libgcc.a(_clzsi2.o)

.comment        0x0000000000000000       0x11
 .comment       0x0000000000000000       0x11 /tmp/ccONNg5i.o
                                         0x12 (size before relaxing)
 .comment       0x0000000000000011       0x12 /tmp/ccEDtnbQ.o
 .comment       0x0000000000000011       0x12 /tmp/ccImXaHM.o
 .comment       0x0000000000000011       0x12 /tmp/cctoQXFk.o
 .comment       0x0000000000000011       0x12 /tmp/ccM0M6VJ.o
 .comment       0x0000000000000011       0x12 /tmp/ccHKzpkH.o
 .comment       0x0000000000000011       0x12 /tmp/ccU1Sbqf.o
 .comment       0x0000000000000011       0x12 /tmp/cc69g3bb.o
 .comment       0x0000000000000011       0x12 /tmp/ccYfsNli.o
 .comment       0x0000000000000011       0x12 /tmp/cclHfvmm.o
 .comment       0x0000000000000011       0x12 /tmp/cct1tZrs.o
 .comment       0x0000000000000011       0x12 /tmp/cc5BVuwK.o
 .comment       0x0000000000000011       0x12 /tmp/ccXmLEOt.o
 .comment       0x0000000000000011       0x12 /opt/riscv/bin/../lib/gcc/riscv64-unknown-elf/7.2.0/../../../../riscv64-unknown-elf/lib/rv32i/ilp32/libc.a(lib_a-callocr.o)
 .comment       0x0000000000000011       0x12 /opt/riscv/bin/../lib/gcc/riscv64-unknown-elf/7.2.0/../../../../riscv64-unknown-elf/lib/rv32i/ilp32/libc.a(lib_a-exit.o)
 .comment       0x0000000000000011       0x12 /opt/riscv/bin/../lib/gcc/riscv64-unknown-elf/7.2.0/../../../../riscv64-unknown-elf/lib/rv32i/ilp32/libc.a(lib_a-impure.o)
 .comment       0x0000000000000011       0x12 /opt/riscv/bin/../lib/gcc/riscv64-unknown-elf/7.2.0/../../../../riscv64-unknown-elf/lib/rv32i/ilp32/libc.a(lib_a-malloc.o)
 .comment       0x0000000000000011       0x12 /opt/riscv/bin/../lib/gcc/riscv64-unknown-elf/7.2.0/../../../../riscv64-unknown-elf/lib/rv32i/ilp32/libc.a(lib_a-mallocr.o)
 .comment       0x0000000000000011       0x12 /opt/riscv/bin/../lib/gcc/riscv64-unknown-elf/7.2.0/../../../../riscv64-unknown-elf/lib/rv32i/ilp32/libc.a(lib_a-memcpy.o)
 .comment       0x0000000000000011       0x12 /opt/riscv/bin/../lib/gcc/riscv64-unknown-elf/7.2.0/../../../../riscv64-unknown-elf/lib/rv32i/ilp32/libc.a(lib_a-mlock.o)
 .comment       0x0000000000000011       0x12 /opt/riscv/bin/../lib/gcc/riscv64-unknown-elf/7.2.0/../../../../riscv64-unknown-elf/lib/rv32i/ilp32/libc.a(lib_a-printf.o)
 .comment       0x0000000000000011       0x12 /opt/riscv/bin/../lib/gcc/riscv64-unknown-elf/7.2.0/../../../../riscv64-unknown-elf/lib/rv32i/ilp32/libc.a(lib_a-sbrkr.o)
 .comment       0x0000000000000011       0x12 /opt/riscv/bin/../lib/gcc/riscv64-unknown-elf/7.2.0/../../../../riscv64-unknown-elf/lib/rv32i/ilp32/libc.a(lib_a-vfprintf.o)
 .comment       0x0000000000000011       0x12 /opt/riscv/bin/../lib/gcc/riscv64-unknown-elf/7.2.0/../../../../riscv64-unknown-elf/lib/rv32i/ilp32/libc.a(lib_a-wsetup.o)
 .comment       0x0000000000000011       0x12 /opt/riscv/bin/../lib/gcc/riscv64-unknown-elf/7.2.0/../../../../riscv64-unknown-elf/lib/rv32i/ilp32/libc.a(lib_a-__call_atexit.o)
 .comment       0x0000000000000011       0x12 /opt/riscv/bin/../lib/gcc/riscv64-unknown-elf/7.2.0/../../../../riscv64-unknown-elf/lib/rv32i/ilp32/libc.a(lib_a-fflush.o)
 .comment       0x0000000000000011       0x12 /opt/riscv/bin/../lib/gcc/riscv64-unknown-elf/7.2.0/../../../../riscv64-unknown-elf/lib/rv32i/ilp32/libc.a(lib_a-findfp.o)
 .comment       0x0000000000000011       0x12 /opt/riscv/bin/../lib/gcc/riscv64-unknown-elf/7.2.0/../../../../riscv64-unknown-elf/lib/rv32i/ilp32/libc.a(lib_a-freer.o)
 .comment       0x0000000000000011       0x12 /opt/riscv/bin/../lib/gcc/riscv64-unknown-elf/7.2.0/../../../../riscv64-unknown-elf/lib/rv32i/ilp32/libc.a(lib_a-fwalk.o)
 .comment       0x0000000000000011       0x12 /opt/riscv/bin/../lib/gcc/riscv64-unknown-elf/7.2.0/../../../../riscv64-unknown-elf/lib/rv32i/ilp32/libc.a(lib_a-ldtoa.o)
 .comment       0x0000000000000011       0x12 /opt/riscv/bin/../lib/gcc/riscv64-unknown-elf/7.2.0/../../../../riscv64-unknown-elf/lib/rv32i/ilp32/libc.a(lib_a-localeconv.o)
 .comment       0x0000000000000011       0x12 /opt/riscv/bin/../lib/gcc/riscv64-unknown-elf/7.2.0/../../../../riscv64-unknown-elf/lib/rv32i/ilp32/libc.a(lib_a-locale.o)
 .comment       0x0000000000000011       0x12 /opt/riscv/bin/../lib/gcc/riscv64-unknown-elf/7.2.0/../../../../riscv64-unknown-elf/lib/rv32i/ilp32/libc.a(lib_a-makebuf.o)
 .comment       0x0000000000000011       0x12 /opt/riscv/bin/../lib/gcc/riscv64-unknown-elf/7.2.0/../../../../riscv64-unknown-elf/lib/rv32i/ilp32/libc.a(lib_a-mbtowc_r.o)
 .comment       0x0000000000000011       0x12 /opt/riscv/bin/../lib/gcc/riscv64-unknown-elf/7.2.0/../../../../riscv64-unknown-elf/lib/rv32i/ilp32/libc.a(lib_a-memchr.o)
 .comment       0x0000000000000011       0x12 /opt/riscv/bin/../lib/gcc/riscv64-unknown-elf/7.2.0/../../../../riscv64-unknown-elf/lib/rv32i/ilp32/libc.a(lib_a-mprec.o)
 .comment       0x0000000000000011       0x12 /opt/riscv/bin/../lib/gcc/riscv64-unknown-elf/7.2.0/../../../../riscv64-unknown-elf/lib/rv32i/ilp32/libc.a(lib_a-reent.o)
 .comment       0x0000000000000011       0x12 /opt/riscv/bin/../lib/gcc/riscv64-unknown-elf/7.2.0/../../../../riscv64-unknown-elf/lib/rv32i/ilp32/libc.a(lib_a-s_frexp.o)
 .comment       0x0000000000000011       0x12 /opt/riscv/bin/../lib/gcc/riscv64-unknown-elf/7.2.0/../../../../riscv64-unknown-elf/lib/rv32i/ilp32/libc.a(lib_a-sprintf.o)
 .comment       0x0000000000000011       0x12 /opt/riscv/bin/../lib/gcc/riscv64-unknown-elf/7.2.0/../../../../riscv64-unknown-elf/lib/rv32i/ilp32/libc.a(lib_a-stdio.o)
 .comment       0x0000000000000011       0x12 /opt/riscv/bin/../lib/gcc/riscv64-unknown-elf/7.2.0/../../../../riscv64-unknown-elf/lib/rv32i/ilp32/libc.a(lib_a-strcpy.o)
 .comment       0x0000000000000011       0x12 /opt/riscv/bin/../lib/gcc/riscv64-unknown-elf/7.2.0/../../../../riscv64-unknown-elf/lib/rv32i/ilp32/libc.a(lib_a-strlen.o)
 .comment       0x0000000000000011       0x12 /opt/riscv/bin/../lib/gcc/riscv64-unknown-elf/7.2.0/../../../../riscv64-unknown-elf/lib/rv32i/ilp32/libc.a(lib_a-strncpy.o)
 .comment       0x0000000000000011       0x12 /opt/riscv/bin/../lib/gcc/riscv64-unknown-elf/7.2.0/../../../../riscv64-unknown-elf/lib/rv32i/ilp32/libc.a(lib_a-svfprintf.o)
 .comment       0x0000000000000011       0x12 /opt/riscv/bin/../lib/gcc/riscv64-unknown-elf/7.2.0/../../../../riscv64-unknown-elf/lib/rv32i/ilp32/libc.a(lib_a-vfiprintf.o)
 .comment       0x0000000000000011       0x12 /opt/riscv/bin/../lib/gcc/riscv64-unknown-elf/7.2.0/../../../../riscv64-unknown-elf/lib/rv32i/ilp32/libc.a(lib_a-wctomb_r.o)
 .comment       0x0000000000000011       0x12 /opt/riscv/bin/../lib/gcc/riscv64-unknown-elf/7.2.0/../../../../riscv64-unknown-elf/lib/rv32i/ilp32/libc.a(lib_a-writer.o)
 .comment       0x0000000000000011       0x12 /opt/riscv/bin/../lib/gcc/riscv64-unknown-elf/7.2.0/../../../../riscv64-unknown-elf/lib/rv32i/ilp32/libc.a(lib_a-closer.o)
 .comment       0x0000000000000011       0x12 /opt/riscv/bin/../lib/gcc/riscv64-unknown-elf/7.2.0/../../../../riscv64-unknown-elf/lib/rv32i/ilp32/libc.a(lib_a-ctype_.o)
 .comment       0x0000000000000011       0x12 /opt/riscv/bin/../lib/gcc/riscv64-unknown-elf/7.2.0/../../../../riscv64-unknown-elf/lib/rv32i/ilp32/libc.a(lib_a-fclose.o)
 .comment       0x0000000000000011       0x12 /opt/riscv/bin/../lib/gcc/riscv64-unknown-elf/7.2.0/../../../../riscv64-unknown-elf/lib/rv32i/ilp32/libc.a(lib_a-fputwc.o)
 .comment       0x0000000000000011       0x12 /opt/riscv/bin/../lib/gcc/riscv64-unknown-elf/7.2.0/../../../../riscv64-unknown-elf/lib/rv32i/ilp32/libc.a(lib_a-fstatr.o)
 .comment       0x0000000000000011       0x12 /opt/riscv/bin/../lib/gcc/riscv64-unknown-elf/7.2.0/../../../../riscv64-unknown-elf/lib/rv32i/ilp32/libc.a(lib_a-fvwrite.o)
 .comment       0x0000000000000011       0x12 /opt/riscv/bin/../lib/gcc/riscv64-unknown-elf/7.2.0/../../../../riscv64-unknown-elf/lib/rv32i/ilp32/libc.a(lib_a-isattyr.o)
 .comment       0x0000000000000011       0x12 /opt/riscv/bin/../lib/gcc/riscv64-unknown-elf/7.2.0/../../../../riscv64-unknown-elf/lib/rv32i/ilp32/libc.a(lib_a-lseekr.o)
 .comment       0x0000000000000011       0x12 /opt/riscv/bin/../lib/gcc/riscv64-unknown-elf/7.2.0/../../../../riscv64-unknown-elf/lib/rv32i/ilp32/libc.a(lib_a-memmove.o)
 .comment       0x0000000000000011       0x12 /opt/riscv/bin/../lib/gcc/riscv64-unknown-elf/7.2.0/../../../../riscv64-unknown-elf/lib/rv32i/ilp32/libc.a(lib_a-readr.o)
 .comment       0x0000000000000011       0x12 /opt/riscv/bin/../lib/gcc/riscv64-unknown-elf/7.2.0/../../../../riscv64-unknown-elf/lib/rv32i/ilp32/libc.a(lib_a-reallocr.o)
 .comment       0x0000000000000011       0x12 /opt/riscv/bin/../lib/gcc/riscv64-unknown-elf/7.2.0/../../../../riscv64-unknown-elf/lib/rv32i/ilp32/libc.a(lib_a-svfiprintf.o)
 .comment       0x0000000000000011       0x12 /opt/riscv/bin/../lib/gcc/riscv64-unknown-elf/7.2.0/../../../../riscv64-unknown-elf/lib/rv32i/ilp32/libc.a(lib_a-wbuf.o)
 .comment       0x0000000000000011       0x12 /opt/riscv/bin/../lib/gcc/riscv64-unknown-elf/7.2.0/../../../../riscv64-unknown-elf/lib/rv32i/ilp32/libc.a(lib_a-wcrtomb.o)
 .comment       0x0000000000000011       0x12 /opt/riscv/bin/../lib/gcc/riscv64-unknown-elf/7.2.0/../../../../riscv64-unknown-elf/lib/rv32i/ilp32/libgloss.a(sys_close.o)
 .comment       0x0000000000000011       0x12 /opt/riscv/bin/../lib/gcc/riscv64-unknown-elf/7.2.0/../../../../riscv64-unknown-elf/lib/rv32i/ilp32/libgloss.a(sys_exit.o)
 .comment       0x0000000000000011       0x12 /opt/riscv/bin/../lib/gcc/riscv64-unknown-elf/7.2.0/../../../../riscv64-unknown-elf/lib/rv32i/ilp32/libgloss.a(sys_isatty.o)
 .comment       0x0000000000000011       0x12 /opt/riscv/bin/../lib/gcc/riscv64-unknown-elf/7.2.0/../../../../riscv64-unknown-elf/lib/rv32i/ilp32/libgloss.a(sys_lseek.o)
 .comment       0x0000000000000011       0x12 /opt/riscv/bin/../lib/gcc/riscv64-unknown-elf/7.2.0/../../../../riscv64-unknown-elf/lib/rv32i/ilp32/libgloss.a(sys_read.o)
 .comment       0x0000000000000011       0x12 /opt/riscv/bin/../lib/gcc/riscv64-unknown-elf/7.2.0/../../../../riscv64-unknown-elf/lib/rv32i/ilp32/libc.a(lib_a-errno.o)
 .comment       0x0000000000000011       0x12 /opt/riscv/bin/../lib/gcc/riscv64-unknown-elf/7.2.0/rv32i/ilp32/libgcc.a(_udivdi3.o)
 .comment       0x0000000000000011       0x12 /opt/riscv/bin/../lib/gcc/riscv64-unknown-elf/7.2.0/rv32i/ilp32/libgcc.a(_umoddi3.o)
 .comment       0x0000000000000011       0x12 /opt/riscv/bin/../lib/gcc/riscv64-unknown-elf/7.2.0/rv32i/ilp32/libgcc.a(divdf3.o)
 .comment       0x0000000000000011       0x12 /opt/riscv/bin/../lib/gcc/riscv64-unknown-elf/7.2.0/rv32i/ilp32/libgcc.a(muldf3.o)
 .comment       0x0000000000000011       0x12 /opt/riscv/bin/../lib/gcc/riscv64-unknown-elf/7.2.0/rv32i/ilp32/libgcc.a(eqtf2.o)
 .comment       0x0000000000000011       0x12 /opt/riscv/bin/../lib/gcc/riscv64-unknown-elf/7.2.0/rv32i/ilp32/libgcc.a(getf2.o)
 .comment       0x0000000000000011       0x12 /opt/riscv/bin/../lib/gcc/riscv64-unknown-elf/7.2.0/rv32i/ilp32/libgcc.a(letf2.o)
 .comment       0x0000000000000011       0x12 /opt/riscv/bin/../lib/gcc/riscv64-unknown-elf/7.2.0/rv32i/ilp32/libgcc.a(multf3.o)
 .comment       0x0000000000000011       0x12 /opt/riscv/bin/../lib/gcc/riscv64-unknown-elf/7.2.0/rv32i/ilp32/libgcc.a(subtf3.o)
 .comment       0x0000000000000011       0x12 /opt/riscv/bin/../lib/gcc/riscv64-unknown-elf/7.2.0/rv32i/ilp32/libgcc.a(fixtfsi.o)
 .comment       0x0000000000000011       0x12 /opt/riscv/bin/../lib/gcc/riscv64-unknown-elf/7.2.0/rv32i/ilp32/libgcc.a(floatsitf.o)
 .comment       0x0000000000000011       0x12 /opt/riscv/bin/../lib/gcc/riscv64-unknown-elf/7.2.0/rv32i/ilp32/libgcc.a(extenddftf2.o)
 .comment       0x0000000000000011       0x12 /opt/riscv/bin/../lib/gcc/riscv64-unknown-elf/7.2.0/rv32i/ilp32/libgcc.a(trunctfdf2.o)
 .comment       0x0000000000000011       0x12 /opt/riscv/bin/../lib/gcc/riscv64-unknown-elf/7.2.0/rv32i/ilp32/libgcc.a(_clz.o)
 .comment       0x0000000000000011       0x12 /opt/riscv/bin/../lib/gcc/riscv64-unknown-elf/7.2.0/rv32i/ilp32/libgcc.a(_clzsi2.o)

.debug_frame    0x0000000000000000     0x1274
 .debug_frame   0x0000000000000000       0x60 /tmp/ccONNg5i.o
 .debug_frame   0x0000000000000060       0x58 /tmp/ccEDtnbQ.o
 .debug_frame   0x00000000000000b8       0x50 /tmp/ccImXaHM.o
 .debug_frame   0x0000000000000108      0x6e8 /tmp/cctoQXFk.o
 .debug_frame   0x00000000000007f0      0x158 /tmp/ccM0M6VJ.o
 .debug_frame   0x0000000000000948       0x9c /tmp/ccHKzpkH.o
 .debug_frame   0x00000000000009e4       0xdc /tmp/ccU1Sbqf.o
 .debug_frame   0x0000000000000ac0      0x204 /tmp/cc69g3bb.o
 .debug_frame   0x0000000000000cc4      0x198 /tmp/ccYfsNli.o
 .debug_frame   0x0000000000000e5c       0x30 /tmp/cclHfvmm.o
 .debug_frame   0x0000000000000e8c       0x54 /tmp/cct1tZrs.o
 .debug_frame   0x0000000000000ee0       0x60 /tmp/cc5BVuwK.o
 .debug_frame   0x0000000000000f40       0x3c /tmp/ccXmLEOt.o
 .debug_frame   0x0000000000000f7c       0x64 /opt/riscv/bin/../lib/gcc/riscv64-unknown-elf/7.2.0/rv32i/ilp32/libgcc.a(divdf3.o)
 .debug_frame   0x0000000000000fe0       0x64 /opt/riscv/bin/../lib/gcc/riscv64-unknown-elf/7.2.0/rv32i/ilp32/libgcc.a(muldf3.o)
 .debug_frame   0x0000000000001044       0x2c /opt/riscv/bin/../lib/gcc/riscv64-unknown-elf/7.2.0/rv32i/ilp32/libgcc.a(eqtf2.o)
 .debug_frame   0x0000000000001070       0x2c /opt/riscv/bin/../lib/gcc/riscv64-unknown-elf/7.2.0/rv32i/ilp32/libgcc.a(getf2.o)
 .debug_frame   0x000000000000109c       0x2c /opt/riscv/bin/../lib/gcc/riscv64-unknown-elf/7.2.0/rv32i/ilp32/libgcc.a(letf2.o)
 .debug_frame   0x00000000000010c8       0x64 /opt/riscv/bin/../lib/gcc/riscv64-unknown-elf/7.2.0/rv32i/ilp32/libgcc.a(multf3.o)
 .debug_frame   0x000000000000112c       0x4c /opt/riscv/bin/../lib/gcc/riscv64-unknown-elf/7.2.0/rv32i/ilp32/libgcc.a(subtf3.o)
 .debug_frame   0x0000000000001178       0x2c /opt/riscv/bin/../lib/gcc/riscv64-unknown-elf/7.2.0/rv32i/ilp32/libgcc.a(fixtfsi.o)
 .debug_frame   0x00000000000011a4       0x3c /opt/riscv/bin/../lib/gcc/riscv64-unknown-elf/7.2.0/rv32i/ilp32/libgcc.a(floatsitf.o)
 .debug_frame   0x00000000000011e0       0x48 /opt/riscv/bin/../lib/gcc/riscv64-unknown-elf/7.2.0/rv32i/ilp32/libgcc.a(extenddftf2.o)
 .debug_frame   0x0000000000001228       0x2c /opt/riscv/bin/../lib/gcc/riscv64-unknown-elf/7.2.0/rv32i/ilp32/libgcc.a(trunctfdf2.o)
 .debug_frame   0x0000000000001254       0x20 /opt/riscv/bin/../lib/gcc/riscv64-unknown-elf/7.2.0/rv32i/ilp32/libgcc.a(_clzsi2.o)
